Archive member included to satisfy reference by file (symbol)

.\CortexM3\ARM_GCC_541\Debug\Robot_Control.a(RightEyebrow.o)
                              .\CortexM3\ARM_GCC_541\Debug\main.o (RightEyebrow_Stop)
.\CortexM3\ARM_GCC_541\Debug\Robot_Control.a(EyelidGroup.o)
                              .\CortexM3\ARM_GCC_541\Debug\main.o (EyelidGroup_Stop)
.\CortexM3\ARM_GCC_541\Debug\Robot_Control.a(EyeBallVertical.o)
                              .\CortexM3\ARM_GCC_541\Debug\main.o (EyeBallVertical_Stop)
.\CortexM3\ARM_GCC_541\Debug\Robot_Control.a(BaseJaw.o)
                              .\CortexM3\ARM_GCC_541\Debug\main.o (BaseJaw_Stop)
.\CortexM3\ARM_GCC_541\Debug\Robot_Control.a(LeftEyebrow.o)
                              .\CortexM3\ARM_GCC_541\Debug\main.o (LeftEyebrow_Stop)
.\CortexM3\ARM_GCC_541\Debug\Robot_Control.a(EyeBallHorizontal.o)
                              .\CortexM3\ARM_GCC_541\Debug\main.o (EyeBallHorizontal_Stop)
.\CortexM3\ARM_GCC_541\Debug\Robot_Control.a(Neck.o)
                              .\CortexM3\ARM_GCC_541\Debug\main.o (Neck_Stop)
.\CortexM3\ARM_GCC_541\Debug\Robot_Control.a(Lip.o)
                              .\CortexM3\ARM_GCC_541\Debug\main.o (Lip_Stop)
.\CortexM3\ARM_GCC_541\Debug\Robot_Control.a(CyLib.o)
                              .\CortexM3\ARM_GCC_541\Debug\Cm3Start.o (CyHalt)
.\CortexM3\ARM_GCC_541\Debug\Robot_Control.a(cyPm.o)
                              .\CortexM3\ARM_GCC_541\Debug\Robot_Control.a(CyLib.o) (CyPmReadStatus)
.\CortexM3\ARM_GCC_541\Debug\Robot_Control.a(CyBootAsmGnu.o)
                              .\CortexM3\ARM_GCC_541\Debug\cyfitter_cfg.o (CyDelayCycles)
.\CortexM3\ARM_GCC_541\Debug\Robot_Control.a(CyFlash.o)
                              .\CortexM3\ARM_GCC_541\Debug\Robot_Control.a(cyPm.o) (CyFlash_SetWaitCycles)
.\CortexM3\ARM_GCC_541\Debug\Robot_Control.a(CySpc.o)
                              .\CortexM3\ARM_GCC_541\Debug\Robot_Control.a(CyFlash.o) (CySpcStart)
c:/program files (x86)/cypress/psoc creator/4.2/psoc creator/import/gnu/arm/5.4.1/bin/../lib/gcc/arm-none-eabi/5.4.1/../../../../arm-none-eabi/lib/armv7-m\libg_nano.a(lib_a-errno.o)
                              .\CortexM3\ARM_GCC_541\Debug\Cm3Start.o (__errno)
c:/program files (x86)/cypress/psoc creator/4.2/psoc creator/import/gnu/arm/5.4.1/bin/../lib/gcc/arm-none-eabi/5.4.1/../../../../arm-none-eabi/lib/armv7-m\libg_nano.a(lib_a-exit.o)
                              c:/program files (x86)/cypress/psoc creator/4.2/psoc creator/import/gnu/arm/5.4.1/bin/../lib/gcc/arm-none-eabi/5.4.1/../../../../arm-none-eabi/lib/armv7-m/crt0.o (exit)
c:/program files (x86)/cypress/psoc creator/4.2/psoc creator/import/gnu/arm/5.4.1/bin/../lib/gcc/arm-none-eabi/5.4.1/../../../../arm-none-eabi/lib/armv7-m\libg_nano.a(lib_a-impure.o)
                              c:/program files (x86)/cypress/psoc creator/4.2/psoc creator/import/gnu/arm/5.4.1/bin/../lib/gcc/arm-none-eabi/5.4.1/../../../../arm-none-eabi/lib/armv7-m\libg_nano.a(lib_a-exit.o) (_global_impure_ptr)
c:/program files (x86)/cypress/psoc creator/4.2/psoc creator/import/gnu/arm/5.4.1/bin/../lib/gcc/arm-none-eabi/5.4.1/../../../../arm-none-eabi/lib/armv7-m\libg_nano.a(lib_a-init.o)
                              c:/program files (x86)/cypress/psoc creator/4.2/psoc creator/import/gnu/arm/5.4.1/bin/../lib/gcc/arm-none-eabi/5.4.1/../../../../arm-none-eabi/lib/armv7-m/crt0.o (__libc_init_array)
c:/program files (x86)/cypress/psoc creator/4.2/psoc creator/import/gnu/arm/5.4.1/bin/../lib/gcc/arm-none-eabi/5.4.1/../../../../arm-none-eabi/lib/armv7-m\libg_nano.a(lib_a-memcpy-stub.o)
                              .\CortexM3\ARM_GCC_541\Debug\cyfitter_cfg.o (memcpy)
c:/program files (x86)/cypress/psoc creator/4.2/psoc creator/import/gnu/arm/5.4.1/bin/../lib/gcc/arm-none-eabi/5.4.1/../../../../arm-none-eabi/lib/armv7-m\libg_nano.a(lib_a-memset.o)
                              c:/program files (x86)/cypress/psoc creator/4.2/psoc creator/import/gnu/arm/5.4.1/bin/../lib/gcc/arm-none-eabi/5.4.1/../../../../arm-none-eabi/lib/armv7-m/crt0.o (memset)

Allocating common symbols
Common symbol       size              file

dieTemperature      0x2               .\CortexM3\ARM_GCC_541\Debug\Robot_Control.a(CyFlash.o)

Discarded input sections

 .text          0x00000000        0x0 c:/program files (x86)/cypress/psoc creator/4.2/psoc creator/import/gnu/arm/5.4.1/bin/../lib/gcc/arm-none-eabi/5.4.1/armv7-m/crti.o
 .data          0x00000000        0x0 c:/program files (x86)/cypress/psoc creator/4.2/psoc creator/import/gnu/arm/5.4.1/bin/../lib/gcc/arm-none-eabi/5.4.1/armv7-m/crti.o
 .bss           0x00000000        0x0 c:/program files (x86)/cypress/psoc creator/4.2/psoc creator/import/gnu/arm/5.4.1/bin/../lib/gcc/arm-none-eabi/5.4.1/armv7-m/crti.o
 .data          0x00000000        0x4 c:/program files (x86)/cypress/psoc creator/4.2/psoc creator/import/gnu/arm/5.4.1/bin/../lib/gcc/arm-none-eabi/5.4.1/armv7-m/crtbegin.o
 .text          0x00000000       0x74 c:/program files (x86)/cypress/psoc creator/4.2/psoc creator/import/gnu/arm/5.4.1/bin/../lib/gcc/arm-none-eabi/5.4.1/../../../../arm-none-eabi/lib/armv7-m/crt0.o
 .data          0x00000000        0x0 c:/program files (x86)/cypress/psoc creator/4.2/psoc creator/import/gnu/arm/5.4.1/bin/../lib/gcc/arm-none-eabi/5.4.1/../../../../arm-none-eabi/lib/armv7-m/crt0.o
 .bss           0x00000000        0x0 c:/program files (x86)/cypress/psoc creator/4.2/psoc creator/import/gnu/arm/5.4.1/bin/../lib/gcc/arm-none-eabi/5.4.1/../../../../arm-none-eabi/lib/armv7-m/crt0.o
 .ARM.extab     0x00000000        0x0 c:/program files (x86)/cypress/psoc creator/4.2/psoc creator/import/gnu/arm/5.4.1/bin/../lib/gcc/arm-none-eabi/5.4.1/../../../../arm-none-eabi/lib/armv7-m/crt0.o
 .ARM.exidx     0x00000000        0x8 c:/program files (x86)/cypress/psoc creator/4.2/psoc creator/import/gnu/arm/5.4.1/bin/../lib/gcc/arm-none-eabi/5.4.1/../../../../arm-none-eabi/lib/armv7-m/crt0.o
 .text          0x00000000        0x0 .\CortexM3\ARM_GCC_541\Debug\main.o
 .data          0x00000000        0x0 .\CortexM3\ARM_GCC_541\Debug\main.o
 .bss           0x00000000        0x0 .\CortexM3\ARM_GCC_541\Debug\main.o
 .text.resetLeftEyebrow
                0x00000000       0x14 .\CortexM3\ARM_GCC_541\Debug\main.o
 .text.clearLeftEyebrow
                0x00000000       0x10 .\CortexM3\ARM_GCC_541\Debug\main.o
 .text.resetRightEyebrow
                0x00000000       0x14 .\CortexM3\ARM_GCC_541\Debug\main.o
 .text.clearRightEyebrow
                0x00000000       0x10 .\CortexM3\ARM_GCC_541\Debug\main.o
 .text.moveNeckDown
                0x00000000       0x18 .\CortexM3\ARM_GCC_541\Debug\main.o
 .text.moveNeckUp
                0x00000000       0x14 .\CortexM3\ARM_GCC_541\Debug\main.o
 .text.resetJaw
                0x00000000        0xc .\CortexM3\ARM_GCC_541\Debug\main.o
 .text.moveBaseCenter
                0x00000000       0x1c .\CortexM3\ARM_GCC_541\Debug\main.o
 .text.moveBaseRight
                0x00000000        0xc .\CortexM3\ARM_GCC_541\Debug\main.o
 .text.moveBaseLeft
                0x00000000        0xc .\CortexM3\ARM_GCC_541\Debug\main.o
 .text.moveHeadRight
                0x00000000       0x14 .\CortexM3\ARM_GCC_541\Debug\main.o
 .text.moveHeadLeft
                0x00000000       0x14 .\CortexM3\ARM_GCC_541\Debug\main.o
 .text.resetAllServoPositions
                0x00000000       0x50 .\CortexM3\ARM_GCC_541\Debug\main.o
 .text.stopAllComponents
                0x00000000       0x28 .\CortexM3\ARM_GCC_541\Debug\main.o
 .text          0x00000000        0x0 .\CortexM3\ARM_GCC_541\Debug\cyfitter_cfg.o
 .data          0x00000000        0x0 .\CortexM3\ARM_GCC_541\Debug\cyfitter_cfg.o
 .bss           0x00000000        0x0 .\CortexM3\ARM_GCC_541\Debug\cyfitter_cfg.o
 .text.SetAnalogRoutingPumps
                0x00000000       0x10 .\CortexM3\ARM_GCC_541\Debug\cyfitter_cfg.o
 .text          0x00000000        0x0 .\CortexM3\ARM_GCC_541\Debug\cymetadata.o
 .data          0x00000000        0x0 .\CortexM3\ARM_GCC_541\Debug\cymetadata.o
 .bss           0x00000000        0x0 .\CortexM3\ARM_GCC_541\Debug\cymetadata.o
 .text          0x00000000        0x0 .\CortexM3\ARM_GCC_541\Debug\Cm3Start.o
 .data          0x00000000        0x4 .\CortexM3\ARM_GCC_541\Debug\Cm3Start.o
 .bss           0x00000000        0x0 .\CortexM3\ARM_GCC_541\Debug\Cm3Start.o
 .text._exit    0x00000000        0xc .\CortexM3\ARM_GCC_541\Debug\Cm3Start.o
 .text._sbrk    0x00000000       0x30 .\CortexM3\ARM_GCC_541\Debug\Cm3Start.o
 .text          0x00000000        0x0 .\CortexM3\ARM_GCC_541\Debug\Robot_Control.a(RightEyebrow.o)
 .data          0x00000000        0x0 .\CortexM3\ARM_GCC_541\Debug\Robot_Control.a(RightEyebrow.o)
 .text.RightEyebrow_Stop
                0x00000000       0x10 .\CortexM3\ARM_GCC_541\Debug\Robot_Control.a(RightEyebrow.o)
 .text.RightEyebrow_ReadCounter
                0x00000000       0x14 .\CortexM3\ARM_GCC_541\Debug\Robot_Control.a(RightEyebrow.o)
 .text.RightEyebrow_ReadControlRegister
                0x00000000        0xc .\CortexM3\ARM_GCC_541\Debug\Robot_Control.a(RightEyebrow.o)
 .text.RightEyebrow_WriteControlRegister
                0x00000000        0xc .\CortexM3\ARM_GCC_541\Debug\Robot_Control.a(RightEyebrow.o)
 .text.RightEyebrow_ReadCompare1
                0x00000000        0xc .\CortexM3\ARM_GCC_541\Debug\Robot_Control.a(RightEyebrow.o)
 .text.RightEyebrow_ReadCompare2
                0x00000000        0xc .\CortexM3\ARM_GCC_541\Debug\Robot_Control.a(RightEyebrow.o)
 .text.RightEyebrow_ReadPeriod
                0x00000000        0xc .\CortexM3\ARM_GCC_541\Debug\Robot_Control.a(RightEyebrow.o)
 .text          0x00000000        0x0 .\CortexM3\ARM_GCC_541\Debug\Robot_Control.a(EyelidGroup.o)
 .data          0x00000000        0x0 .\CortexM3\ARM_GCC_541\Debug\Robot_Control.a(EyelidGroup.o)
 .text.EyelidGroup_Stop
                0x00000000       0x10 .\CortexM3\ARM_GCC_541\Debug\Robot_Control.a(EyelidGroup.o)
 .text.EyelidGroup_ReadCounter
                0x00000000       0x14 .\CortexM3\ARM_GCC_541\Debug\Robot_Control.a(EyelidGroup.o)
 .text.EyelidGroup_ReadControlRegister
                0x00000000        0xc .\CortexM3\ARM_GCC_541\Debug\Robot_Control.a(EyelidGroup.o)
 .text.EyelidGroup_WriteControlRegister
                0x00000000        0xc .\CortexM3\ARM_GCC_541\Debug\Robot_Control.a(EyelidGroup.o)
 .text.EyelidGroup_ReadCompare1
                0x00000000        0xc .\CortexM3\ARM_GCC_541\Debug\Robot_Control.a(EyelidGroup.o)
 .text.EyelidGroup_ReadCompare2
                0x00000000        0xc .\CortexM3\ARM_GCC_541\Debug\Robot_Control.a(EyelidGroup.o)
 .text.EyelidGroup_ReadPeriod
                0x00000000        0xc .\CortexM3\ARM_GCC_541\Debug\Robot_Control.a(EyelidGroup.o)
 .text          0x00000000        0x0 .\CortexM3\ARM_GCC_541\Debug\Robot_Control.a(EyeBallVertical.o)
 .data          0x00000000        0x0 .\CortexM3\ARM_GCC_541\Debug\Robot_Control.a(EyeBallVertical.o)
 .text.EyeBallVertical_Stop
                0x00000000       0x10 .\CortexM3\ARM_GCC_541\Debug\Robot_Control.a(EyeBallVertical.o)
 .text.EyeBallVertical_ReadCounter
                0x00000000       0x14 .\CortexM3\ARM_GCC_541\Debug\Robot_Control.a(EyeBallVertical.o)
 .text.EyeBallVertical_ReadControlRegister
                0x00000000        0xc .\CortexM3\ARM_GCC_541\Debug\Robot_Control.a(EyeBallVertical.o)
 .text.EyeBallVertical_WriteControlRegister
                0x00000000        0xc .\CortexM3\ARM_GCC_541\Debug\Robot_Control.a(EyeBallVertical.o)
 .text.EyeBallVertical_ReadCompare1
                0x00000000        0xc .\CortexM3\ARM_GCC_541\Debug\Robot_Control.a(EyeBallVertical.o)
 .text.EyeBallVertical_ReadCompare2
                0x00000000        0xc .\CortexM3\ARM_GCC_541\Debug\Robot_Control.a(EyeBallVertical.o)
 .text.EyeBallVertical_ReadPeriod
                0x00000000        0xc .\CortexM3\ARM_GCC_541\Debug\Robot_Control.a(EyeBallVertical.o)
 .text          0x00000000        0x0 .\CortexM3\ARM_GCC_541\Debug\Robot_Control.a(BaseJaw.o)
 .data          0x00000000        0x0 .\CortexM3\ARM_GCC_541\Debug\Robot_Control.a(BaseJaw.o)
 .text.BaseJaw_Stop
                0x00000000       0x10 .\CortexM3\ARM_GCC_541\Debug\Robot_Control.a(BaseJaw.o)
 .text.BaseJaw_ReadCounter
                0x00000000       0x14 .\CortexM3\ARM_GCC_541\Debug\Robot_Control.a(BaseJaw.o)
 .text.BaseJaw_ReadControlRegister
                0x00000000        0xc .\CortexM3\ARM_GCC_541\Debug\Robot_Control.a(BaseJaw.o)
 .text.BaseJaw_WriteControlRegister
                0x00000000        0xc .\CortexM3\ARM_GCC_541\Debug\Robot_Control.a(BaseJaw.o)
 .text.BaseJaw_ReadCompare1
                0x00000000        0xc .\CortexM3\ARM_GCC_541\Debug\Robot_Control.a(BaseJaw.o)
 .text.BaseJaw_ReadCompare2
                0x00000000        0xc .\CortexM3\ARM_GCC_541\Debug\Robot_Control.a(BaseJaw.o)
 .text.BaseJaw_ReadPeriod
                0x00000000        0xc .\CortexM3\ARM_GCC_541\Debug\Robot_Control.a(BaseJaw.o)
 .text          0x00000000        0x0 .\CortexM3\ARM_GCC_541\Debug\Robot_Control.a(LeftEyebrow.o)
 .data          0x00000000        0x0 .\CortexM3\ARM_GCC_541\Debug\Robot_Control.a(LeftEyebrow.o)
 .text.LeftEyebrow_Stop
                0x00000000       0x10 .\CortexM3\ARM_GCC_541\Debug\Robot_Control.a(LeftEyebrow.o)
 .text.LeftEyebrow_ReadCounter
                0x00000000       0x14 .\CortexM3\ARM_GCC_541\Debug\Robot_Control.a(LeftEyebrow.o)
 .text.LeftEyebrow_ReadControlRegister
                0x00000000        0xc .\CortexM3\ARM_GCC_541\Debug\Robot_Control.a(LeftEyebrow.o)
 .text.LeftEyebrow_WriteControlRegister
                0x00000000        0xc .\CortexM3\ARM_GCC_541\Debug\Robot_Control.a(LeftEyebrow.o)
 .text.LeftEyebrow_ReadCompare1
                0x00000000        0xc .\CortexM3\ARM_GCC_541\Debug\Robot_Control.a(LeftEyebrow.o)
 .text.LeftEyebrow_ReadCompare2
                0x00000000        0xc .\CortexM3\ARM_GCC_541\Debug\Robot_Control.a(LeftEyebrow.o)
 .text.LeftEyebrow_ReadPeriod
                0x00000000        0xc .\CortexM3\ARM_GCC_541\Debug\Robot_Control.a(LeftEyebrow.o)
 .text          0x00000000        0x0 .\CortexM3\ARM_GCC_541\Debug\Robot_Control.a(EyeBallHorizontal.o)
 .data          0x00000000        0x0 .\CortexM3\ARM_GCC_541\Debug\Robot_Control.a(EyeBallHorizontal.o)
 .text.EyeBallHorizontal_Stop
                0x00000000       0x10 .\CortexM3\ARM_GCC_541\Debug\Robot_Control.a(EyeBallHorizontal.o)
 .text.EyeBallHorizontal_ReadCounter
                0x00000000       0x14 .\CortexM3\ARM_GCC_541\Debug\Robot_Control.a(EyeBallHorizontal.o)
 .text.EyeBallHorizontal_ReadControlRegister
                0x00000000        0xc .\CortexM3\ARM_GCC_541\Debug\Robot_Control.a(EyeBallHorizontal.o)
 .text.EyeBallHorizontal_WriteControlRegister
                0x00000000        0xc .\CortexM3\ARM_GCC_541\Debug\Robot_Control.a(EyeBallHorizontal.o)
 .text.EyeBallHorizontal_ReadCompare1
                0x00000000        0xc .\CortexM3\ARM_GCC_541\Debug\Robot_Control.a(EyeBallHorizontal.o)
 .text.EyeBallHorizontal_ReadCompare2
                0x00000000        0xc .\CortexM3\ARM_GCC_541\Debug\Robot_Control.a(EyeBallHorizontal.o)
 .text.EyeBallHorizontal_ReadPeriod
                0x00000000        0xc .\CortexM3\ARM_GCC_541\Debug\Robot_Control.a(EyeBallHorizontal.o)
 .text          0x00000000        0x0 .\CortexM3\ARM_GCC_541\Debug\Robot_Control.a(Neck.o)
 .data          0x00000000        0x0 .\CortexM3\ARM_GCC_541\Debug\Robot_Control.a(Neck.o)
 .text.Neck_Stop
                0x00000000       0x10 .\CortexM3\ARM_GCC_541\Debug\Robot_Control.a(Neck.o)
 .text.Neck_ReadCounter
                0x00000000       0x14 .\CortexM3\ARM_GCC_541\Debug\Robot_Control.a(Neck.o)
 .text.Neck_ReadControlRegister
                0x00000000        0xc .\CortexM3\ARM_GCC_541\Debug\Robot_Control.a(Neck.o)
 .text.Neck_WriteControlRegister
                0x00000000        0xc .\CortexM3\ARM_GCC_541\Debug\Robot_Control.a(Neck.o)
 .text.Neck_ReadCompare1
                0x00000000        0xc .\CortexM3\ARM_GCC_541\Debug\Robot_Control.a(Neck.o)
 .text.Neck_ReadCompare2
                0x00000000        0xc .\CortexM3\ARM_GCC_541\Debug\Robot_Control.a(Neck.o)
 .text.Neck_ReadPeriod
                0x00000000        0xc .\CortexM3\ARM_GCC_541\Debug\Robot_Control.a(Neck.o)
 .text          0x00000000        0x0 .\CortexM3\ARM_GCC_541\Debug\Robot_Control.a(Lip.o)
 .data          0x00000000        0x0 .\CortexM3\ARM_GCC_541\Debug\Robot_Control.a(Lip.o)
 .text.Lip_Stop
                0x00000000       0x10 .\CortexM3\ARM_GCC_541\Debug\Robot_Control.a(Lip.o)
 .text.Lip_ReadCounter
                0x00000000       0x14 .\CortexM3\ARM_GCC_541\Debug\Robot_Control.a(Lip.o)
 .text.Lip_ReadControlRegister
                0x00000000        0xc .\CortexM3\ARM_GCC_541\Debug\Robot_Control.a(Lip.o)
 .text.Lip_WriteControlRegister
                0x00000000        0xc .\CortexM3\ARM_GCC_541\Debug\Robot_Control.a(Lip.o)
 .text.Lip_ReadCompare1
                0x00000000        0xc .\CortexM3\ARM_GCC_541\Debug\Robot_Control.a(Lip.o)
 .text.Lip_ReadCompare2
                0x00000000        0xc .\CortexM3\ARM_GCC_541\Debug\Robot_Control.a(Lip.o)
 .text.Lip_ReadPeriod
                0x00000000        0xc .\CortexM3\ARM_GCC_541\Debug\Robot_Control.a(Lip.o)
 .text          0x00000000        0x0 .\CortexM3\ARM_GCC_541\Debug\Robot_Control.a(CyLib.o)
 .bss           0x00000000       0x1c .\CortexM3\ARM_GCC_541\Debug\Robot_Control.a(CyLib.o)
 .text.CyUSB_PowerOnCheck
                0x00000000       0x48 .\CortexM3\ARM_GCC_541\Debug\Robot_Control.a(CyLib.o)
 .text.CyBusClk_Internal_SetDivider
                0x00000000       0x48 .\CortexM3\ARM_GCC_541\Debug\Robot_Control.a(CyLib.o)
 .text.CyPLL_OUT_Stop
                0x00000000       0x10 .\CortexM3\ARM_GCC_541\Debug\Robot_Control.a(CyLib.o)
 .text.CyIMO_Stop
                0x00000000       0x1c .\CortexM3\ARM_GCC_541\Debug\Robot_Control.a(CyLib.o)
 .text.CyIMO_EnableDoubler
                0x00000000       0x10 .\CortexM3\ARM_GCC_541\Debug\Robot_Control.a(CyLib.o)
 .text.CyIMO_DisableDoubler
                0x00000000       0x10 .\CortexM3\ARM_GCC_541\Debug\Robot_Control.a(CyLib.o)
 .text.CyMasterClk_SetSource
                0x00000000       0x18 .\CortexM3\ARM_GCC_541\Debug\Robot_Control.a(CyLib.o)
 .text.CyMasterClk_SetDivider
                0x00000000        0xc .\CortexM3\ARM_GCC_541\Debug\Robot_Control.a(CyLib.o)
 .text.CyBusClk_SetDivider
                0x00000000       0x70 .\CortexM3\ARM_GCC_541\Debug\Robot_Control.a(CyLib.o)
 .text.CyUsbClk_SetSource
                0x00000000       0x18 .\CortexM3\ARM_GCC_541\Debug\Robot_Control.a(CyLib.o)
 .text.CyILO_Start1K
                0x00000000       0x10 .\CortexM3\ARM_GCC_541\Debug\Robot_Control.a(CyLib.o)
 .text.CyILO_Stop1K
                0x00000000       0x10 .\CortexM3\ARM_GCC_541\Debug\Robot_Control.a(CyLib.o)
 .text.CyILO_Start100K
                0x00000000       0x10 .\CortexM3\ARM_GCC_541\Debug\Robot_Control.a(CyLib.o)
 .text.CyILO_Stop100K
                0x00000000       0x10 .\CortexM3\ARM_GCC_541\Debug\Robot_Control.a(CyLib.o)
 .text.CyPLL_OUT_Start
                0x00000000       0x78 .\CortexM3\ARM_GCC_541\Debug\Robot_Control.a(CyLib.o)
 .text.CyIMO_Start
                0x00000000       0x60 .\CortexM3\ARM_GCC_541\Debug\Robot_Control.a(CyLib.o)
 .text.CyILO_Enable33K
                0x00000000       0x10 .\CortexM3\ARM_GCC_541\Debug\Robot_Control.a(CyLib.o)
 .text.CyILO_Disable33K
                0x00000000       0x10 .\CortexM3\ARM_GCC_541\Debug\Robot_Control.a(CyLib.o)
 .text.CyILO_SetSource
                0x00000000       0x18 .\CortexM3\ARM_GCC_541\Debug\Robot_Control.a(CyLib.o)
 .text.CyILO_SetPowerMode
                0x00000000       0x24 .\CortexM3\ARM_GCC_541\Debug\Robot_Control.a(CyLib.o)
 .text.CyXTAL_32KHZ_Stop
                0x00000000       0x30 .\CortexM3\ARM_GCC_541\Debug\Robot_Control.a(CyLib.o)
 .text.CyXTAL_32KHZ_ReadStatus
                0x00000000       0x10 .\CortexM3\ARM_GCC_541\Debug\Robot_Control.a(CyLib.o)
 .text.CyXTAL_Start
                0x00000000       0xac .\CortexM3\ARM_GCC_541\Debug\Robot_Control.a(CyLib.o)
 .text.CyXTAL_Stop
                0x00000000       0x10 .\CortexM3\ARM_GCC_541\Debug\Robot_Control.a(CyLib.o)
 .text.CyXTAL_EnableErrStatus
                0x00000000       0x10 .\CortexM3\ARM_GCC_541\Debug\Robot_Control.a(CyLib.o)
 .text.CyXTAL_DisableErrStatus
                0x00000000       0x10 .\CortexM3\ARM_GCC_541\Debug\Robot_Control.a(CyLib.o)
 .text.CyXTAL_ReadStatus
                0x00000000       0x18 .\CortexM3\ARM_GCC_541\Debug\Robot_Control.a(CyLib.o)
 .text.CyXTAL_EnableFaultRecovery
                0x00000000       0x10 .\CortexM3\ARM_GCC_541\Debug\Robot_Control.a(CyLib.o)
 .text.CyXTAL_DisableFaultRecovery
                0x00000000       0x10 .\CortexM3\ARM_GCC_541\Debug\Robot_Control.a(CyLib.o)
 .text.CyXTAL_SetStartup
                0x00000000       0x18 .\CortexM3\ARM_GCC_541\Debug\Robot_Control.a(CyLib.o)
 .text.CyXTAL_SetFbVoltage
                0x00000000       0x18 .\CortexM3\ARM_GCC_541\Debug\Robot_Control.a(CyLib.o)
 .text.CyXTAL_SetWdVoltage
                0x00000000       0x18 .\CortexM3\ARM_GCC_541\Debug\Robot_Control.a(CyLib.o)
 .text.CyHalt   0x00000000        0x4 .\CortexM3\ARM_GCC_541\Debug\Robot_Control.a(CyLib.o)
 .text.CyPLL_OUT_SetPQ
                0x00000000       0x60 .\CortexM3\ARM_GCC_541\Debug\Robot_Control.a(CyLib.o)
 .text.CyPLL_OUT_SetSource
                0x00000000       0x34 .\CortexM3\ARM_GCC_541\Debug\Robot_Control.a(CyLib.o)
 .text.CyIMO_SetTrimValue
                0x00000000       0xcc .\CortexM3\ARM_GCC_541\Debug\Robot_Control.a(CyLib.o)
 .text.CyIMO_SetFreq
                0x00000000       0xf4 .\CortexM3\ARM_GCC_541\Debug\Robot_Control.a(CyLib.o)
 .text.CyIMO_SetSource
                0x00000000       0x58 .\CortexM3\ARM_GCC_541\Debug\Robot_Control.a(CyLib.o)
 .text.CySoftwareReset
                0x00000000       0x10 .\CortexM3\ARM_GCC_541\Debug\Robot_Control.a(CyLib.o)
 .text.CyDelayUs
                0x00000000       0x14 .\CortexM3\ARM_GCC_541\Debug\Robot_Control.a(CyLib.o)
 .text.CyXTAL_32KHZ_SetPowerMode
                0x00000000       0x84 .\CortexM3\ARM_GCC_541\Debug\Robot_Control.a(CyLib.o)
 .text.CyXTAL_32KHZ_Start
                0x00000000       0x74 .\CortexM3\ARM_GCC_541\Debug\Robot_Control.a(CyLib.o)
 .text.CyDelayFreq
                0x00000000       0x4c .\CortexM3\ARM_GCC_541\Debug\Robot_Control.a(CyLib.o)
 .text.CyWdtStart
                0x00000000       0x40 .\CortexM3\ARM_GCC_541\Debug\Robot_Control.a(CyLib.o)
 .text.CyWdtClear
                0x00000000        0xc .\CortexM3\ARM_GCC_541\Debug\Robot_Control.a(CyLib.o)
 .text.CyVdStickyStatus
                0x00000000       0x2c .\CortexM3\ARM_GCC_541\Debug\Robot_Control.a(CyLib.o)
 .text.CyVdLvDigitEnable
                0x00000000       0x84 .\CortexM3\ARM_GCC_541\Debug\Robot_Control.a(CyLib.o)
 .text.CyVdLvAnalogEnable
                0x00000000       0x80 .\CortexM3\ARM_GCC_541\Debug\Robot_Control.a(CyLib.o)
 .text.CyVdLvDigitDisable
                0x00000000       0x30 .\CortexM3\ARM_GCC_541\Debug\Robot_Control.a(CyLib.o)
 .text.CyVdLvAnalogDisable
                0x00000000       0x28 .\CortexM3\ARM_GCC_541\Debug\Robot_Control.a(CyLib.o)
 .text.CyVdHvAnalogEnable
                0x00000000       0x54 .\CortexM3\ARM_GCC_541\Debug\Robot_Control.a(CyLib.o)
 .text.CyVdHvAnalogDisable
                0x00000000       0x20 .\CortexM3\ARM_GCC_541\Debug\Robot_Control.a(CyLib.o)
 .text.CyVdRealTimeStatus
                0x00000000       0x1c .\CortexM3\ARM_GCC_541\Debug\Robot_Control.a(CyLib.o)
 .text.CyDisableInts
                0x00000000       0x1c .\CortexM3\ARM_GCC_541\Debug\Robot_Control.a(CyLib.o)
 .text.CyEnableInts
                0x00000000       0x18 .\CortexM3\ARM_GCC_541\Debug\Robot_Control.a(CyLib.o)
 .text.CyFlushCache
                0x00000000       0x44 .\CortexM3\ARM_GCC_541\Debug\Robot_Control.a(CyLib.o)
 .text.CyIntSetSysVector
                0x00000000       0x28 .\CortexM3\ARM_GCC_541\Debug\Robot_Control.a(CyLib.o)
 .text.CyIntGetSysVector
                0x00000000       0x20 .\CortexM3\ARM_GCC_541\Debug\Robot_Control.a(CyLib.o)
 .text.CyIntSetVector
                0x00000000       0x28 .\CortexM3\ARM_GCC_541\Debug\Robot_Control.a(CyLib.o)
 .text.CyIntGetVector
                0x00000000       0x24 .\CortexM3\ARM_GCC_541\Debug\Robot_Control.a(CyLib.o)
 .text.CyIntSetPriority
                0x00000000       0x30 .\CortexM3\ARM_GCC_541\Debug\Robot_Control.a(CyLib.o)
 .text.CyIntGetPriority
                0x00000000       0x20 .\CortexM3\ARM_GCC_541\Debug\Robot_Control.a(CyLib.o)
 .text.CyIntGetState
                0x00000000       0x24 .\CortexM3\ARM_GCC_541\Debug\Robot_Control.a(CyLib.o)
 .text.CySysTickStop
                0x00000000       0x10 .\CortexM3\ARM_GCC_541\Debug\Robot_Control.a(CyLib.o)
 .text.CySysTickEnableInterrupt
                0x00000000       0x10 .\CortexM3\ARM_GCC_541\Debug\Robot_Control.a(CyLib.o)
 .text.CySysTickEnable
                0x00000000       0x18 .\CortexM3\ARM_GCC_541\Debug\Robot_Control.a(CyLib.o)
 .text.CySysTickDisableInterrupt
                0x00000000       0x10 .\CortexM3\ARM_GCC_541\Debug\Robot_Control.a(CyLib.o)
 .text.CySysTickSetReload
                0x00000000       0x10 .\CortexM3\ARM_GCC_541\Debug\Robot_Control.a(CyLib.o)
 .text.CySysTickGetReload
                0x00000000       0x10 .\CortexM3\ARM_GCC_541\Debug\Robot_Control.a(CyLib.o)
 .text.CySysTickGetValue
                0x00000000       0x10 .\CortexM3\ARM_GCC_541\Debug\Robot_Control.a(CyLib.o)
 .text.CySysTickSetClockSource
                0x00000000       0x20 .\CortexM3\ARM_GCC_541\Debug\Robot_Control.a(CyLib.o)
 .text.CySysTickGetClockSource
                0x00000000       0x10 .\CortexM3\ARM_GCC_541\Debug\Robot_Control.a(CyLib.o)
 .text.CySysTickGetCountFlag
                0x00000000       0x10 .\CortexM3\ARM_GCC_541\Debug\Robot_Control.a(CyLib.o)
 .text.CySysTickServiceCallbacks
                0x00000000       0x28 .\CortexM3\ARM_GCC_541\Debug\Robot_Control.a(CyLib.o)
 .text.CySysTickClear
                0x00000000        0xc .\CortexM3\ARM_GCC_541\Debug\Robot_Control.a(CyLib.o)
 .text.CySysTickInit
                0x00000000       0x58 .\CortexM3\ARM_GCC_541\Debug\Robot_Control.a(CyLib.o)
 .text.CySysTickStart
                0x00000000       0x1c .\CortexM3\ARM_GCC_541\Debug\Robot_Control.a(CyLib.o)
 .text.CySysTickSetCallback
                0x00000000       0x10 .\CortexM3\ARM_GCC_541\Debug\Robot_Control.a(CyLib.o)
 .text.CySysTickGetCallback
                0x00000000       0x10 .\CortexM3\ARM_GCC_541\Debug\Robot_Control.a(CyLib.o)
 .text.CyGetUniqueId
                0x00000000       0x70 .\CortexM3\ARM_GCC_541\Debug\Robot_Control.a(CyLib.o)
 .text          0x00000000        0x0 .\CortexM3\ARM_GCC_541\Debug\Robot_Control.a(cyPm.o)
 .data          0x00000000        0x0 .\CortexM3\ARM_GCC_541\Debug\Robot_Control.a(cyPm.o)
 .bss           0x00000000       0x43 .\CortexM3\ARM_GCC_541\Debug\Robot_Control.a(cyPm.o)
 .text.CyPmHibSlpSaveSet
                0x00000000      0x1dc .\CortexM3\ARM_GCC_541\Debug\Robot_Control.a(cyPm.o)
 .text.CyPmHibSlpRestore
                0x00000000       0xd8 .\CortexM3\ARM_GCC_541\Debug\Robot_Control.a(cyPm.o)
 .text.CyPmHviLviSaveDisable
                0x00000000       0xa0 .\CortexM3\ARM_GCC_541\Debug\Robot_Control.a(cyPm.o)
 .text.CyPmHibSaveSet
                0x00000000       0x98 .\CortexM3\ARM_GCC_541\Debug\Robot_Control.a(cyPm.o)
 .text.CyPmHviLviRestore
                0x00000000       0x48 .\CortexM3\ARM_GCC_541\Debug\Robot_Control.a(cyPm.o)
 .text.CyPmHibRestore
                0x00000000       0x60 .\CortexM3\ARM_GCC_541\Debug\Robot_Control.a(cyPm.o)
 .text.CyPmSaveClocks
                0x00000000      0x218 .\CortexM3\ARM_GCC_541\Debug\Robot_Control.a(cyPm.o)
 .text.CyPmRestoreClocks
                0x00000000      0x24c .\CortexM3\ARM_GCC_541\Debug\Robot_Control.a(cyPm.o)
 .text.CyPmAltAct
                0x00000000       0x6c .\CortexM3\ARM_GCC_541\Debug\Robot_Control.a(cyPm.o)
 .text.CyPmSleep
                0x00000000       0xf4 .\CortexM3\ARM_GCC_541\Debug\Robot_Control.a(cyPm.o)
 .text.CyPmHibernateEx
                0x00000000       0xf4 .\CortexM3\ARM_GCC_541\Debug\Robot_Control.a(cyPm.o)
 .text.CyPmHibernate
                0x00000000        0xc .\CortexM3\ARM_GCC_541\Debug\Robot_Control.a(cyPm.o)
 .text.CyPmReadStatus
                0x00000000       0x30 .\CortexM3\ARM_GCC_541\Debug\Robot_Control.a(cyPm.o)
 .text.CyPmCtwSetInterval
                0x00000000       0x5c .\CortexM3\ARM_GCC_541\Debug\Robot_Control.a(cyPm.o)
 .text.CyPmOppsSet
                0x00000000       0x2c .\CortexM3\ARM_GCC_541\Debug\Robot_Control.a(cyPm.o)
 .text.CyPmFtwSetInterval
                0x00000000       0x5c .\CortexM3\ARM_GCC_541\Debug\Robot_Control.a(cyPm.o)
 .rodata        0x00000000        0xf .\CortexM3\ARM_GCC_541\Debug\Robot_Control.a(cyPm.o)
 .data          0x00000000        0x0 .\CortexM3\ARM_GCC_541\Debug\Robot_Control.a(CyBootAsmGnu.o)
 .bss           0x00000000        0x0 .\CortexM3\ARM_GCC_541\Debug\Robot_Control.a(CyBootAsmGnu.o)
 .text          0x00000000        0x0 .\CortexM3\ARM_GCC_541\Debug\Robot_Control.a(CyFlash.o)
 .data          0x00000000        0x0 .\CortexM3\ARM_GCC_541\Debug\Robot_Control.a(CyFlash.o)
 .bss           0x00000000        0x0 .\CortexM3\ARM_GCC_541\Debug\Robot_Control.a(CyFlash.o)
 .text.CySetTempInt
                0x00000000       0x60 .\CortexM3\ARM_GCC_541\Debug\Robot_Control.a(CyFlash.o)
 .text.CyFlash_Start
                0x00000000       0x54 .\CortexM3\ARM_GCC_541\Debug\Robot_Control.a(CyFlash.o)
 .text.CyFlash_Stop
                0x00000000       0x24 .\CortexM3\ARM_GCC_541\Debug\Robot_Control.a(CyFlash.o)
 .text.CyFlash_EraseRow
                0x00000000       0x78 .\CortexM3\ARM_GCC_541\Debug\Robot_Control.a(CyFlash.o)
 .text.CyFlashGetSpcAlgorithm
                0x00000000       0x4c .\CortexM3\ARM_GCC_541\Debug\Robot_Control.a(CyFlash.o)
 .text.CySetTemp
                0x00000000       0x14 .\CortexM3\ARM_GCC_541\Debug\Robot_Control.a(CyFlash.o)
 .text.CySetFlashEEBuffer
                0x00000000       0x20 .\CortexM3\ARM_GCC_541\Debug\Robot_Control.a(CyFlash.o)
 .text.CyWriteRowFull
                0x00000000       0xf8 .\CortexM3\ARM_GCC_541\Debug\Robot_Control.a(CyFlash.o)
 .text.CyWriteRowData
                0x00000000       0x14 .\CortexM3\ARM_GCC_541\Debug\Robot_Control.a(CyFlash.o)
 .text.CyFlash_SetWaitCycles
                0x00000000       0x7c .\CortexM3\ARM_GCC_541\Debug\Robot_Control.a(CyFlash.o)
 .text.CyEEPROM_Start
                0x00000000       0x54 .\CortexM3\ARM_GCC_541\Debug\Robot_Control.a(CyFlash.o)
 .text.CyEEPROM_Stop
                0x00000000       0x24 .\CortexM3\ARM_GCC_541\Debug\Robot_Control.a(CyFlash.o)
 .text.CyEEPROM_ReadReserve
                0x00000000       0x1c .\CortexM3\ARM_GCC_541\Debug\Robot_Control.a(CyFlash.o)
 .text.CyEEPROM_ReadRelease
                0x00000000       0x10 .\CortexM3\ARM_GCC_541\Debug\Robot_Control.a(CyFlash.o)
 COMMON         0x00000000        0x2 .\CortexM3\ARM_GCC_541\Debug\Robot_Control.a(CyFlash.o)
 .text          0x00000000        0x0 .\CortexM3\ARM_GCC_541\Debug\Robot_Control.a(CySpc.o)
 .data          0x00000000        0x0 .\CortexM3\ARM_GCC_541\Debug\Robot_Control.a(CySpc.o)
 .bss           0x00000000        0x8 .\CortexM3\ARM_GCC_541\Debug\Robot_Control.a(CySpc.o)
 .text.CySpcStart
                0x00000000       0x24 .\CortexM3\ARM_GCC_541\Debug\Robot_Control.a(CySpc.o)
 .text.CySpcStop
                0x00000000       0x24 .\CortexM3\ARM_GCC_541\Debug\Robot_Control.a(CySpc.o)
 .text.CySpcReadData
                0x00000000       0x34 .\CortexM3\ARM_GCC_541\Debug\Robot_Control.a(CySpc.o)
 .text.CySpcLoadMultiByte
                0x00000000       0x78 .\CortexM3\ARM_GCC_541\Debug\Robot_Control.a(CySpc.o)
 .text.CySpcLoadRow
                0x00000000       0x50 .\CortexM3\ARM_GCC_541\Debug\Robot_Control.a(CySpc.o)
 .text.CySpcLoadRowFull
                0x00000000       0x80 .\CortexM3\ARM_GCC_541\Debug\Robot_Control.a(CySpc.o)
 .text.CySpcWriteRow
                0x00000000       0x4c .\CortexM3\ARM_GCC_541\Debug\Robot_Control.a(CySpc.o)
 .text.CySpcEraseSector
                0x00000000       0x3c .\CortexM3\ARM_GCC_541\Debug\Robot_Control.a(CySpc.o)
 .text.CySpcEraseRow
                0x00000000       0x4c .\CortexM3\ARM_GCC_541\Debug\Robot_Control.a(CySpc.o)
 .text.CySpcGetTemp
                0x00000000       0x3c .\CortexM3\ARM_GCC_541\Debug\Robot_Control.a(CySpc.o)
 .text.CySpcLock
                0x00000000       0x4c .\CortexM3\ARM_GCC_541\Debug\Robot_Control.a(CySpc.o)
 .text.CySpcUnlock
                0x00000000       0x38 .\CortexM3\ARM_GCC_541\Debug\Robot_Control.a(CySpc.o)
 .text.CySpcGetAlgorithm
                0x00000000       0x28 .\CortexM3\ARM_GCC_541\Debug\Robot_Control.a(CySpc.o)
 .text          0x00000000        0x0 c:/program files (x86)/cypress/psoc creator/4.2/psoc creator/import/gnu/arm/5.4.1/bin/../lib/gcc/arm-none-eabi/5.4.1/../../../../arm-none-eabi/lib/armv7-m\libg_nano.a(lib_a-errno.o)
 .data          0x00000000        0x0 c:/program files (x86)/cypress/psoc creator/4.2/psoc creator/import/gnu/arm/5.4.1/bin/../lib/gcc/arm-none-eabi/5.4.1/../../../../arm-none-eabi/lib/armv7-m\libg_nano.a(lib_a-errno.o)
 .bss           0x00000000        0x0 c:/program files (x86)/cypress/psoc creator/4.2/psoc creator/import/gnu/arm/5.4.1/bin/../lib/gcc/arm-none-eabi/5.4.1/../../../../arm-none-eabi/lib/armv7-m\libg_nano.a(lib_a-errno.o)
 .text          0x00000000        0x0 c:/program files (x86)/cypress/psoc creator/4.2/psoc creator/import/gnu/arm/5.4.1/bin/../lib/gcc/arm-none-eabi/5.4.1/../../../../arm-none-eabi/lib/armv7-m\libg_nano.a(lib_a-exit.o)
 .data          0x00000000        0x0 c:/program files (x86)/cypress/psoc creator/4.2/psoc creator/import/gnu/arm/5.4.1/bin/../lib/gcc/arm-none-eabi/5.4.1/../../../../arm-none-eabi/lib/armv7-m\libg_nano.a(lib_a-exit.o)
 .bss           0x00000000        0x0 c:/program files (x86)/cypress/psoc creator/4.2/psoc creator/import/gnu/arm/5.4.1/bin/../lib/gcc/arm-none-eabi/5.4.1/../../../../arm-none-eabi/lib/armv7-m\libg_nano.a(lib_a-exit.o)
 .text.exit     0x00000000       0x28 c:/program files (x86)/cypress/psoc creator/4.2/psoc creator/import/gnu/arm/5.4.1/bin/../lib/gcc/arm-none-eabi/5.4.1/../../../../arm-none-eabi/lib/armv7-m\libg_nano.a(lib_a-exit.o)
 .text          0x00000000        0x0 c:/program files (x86)/cypress/psoc creator/4.2/psoc creator/import/gnu/arm/5.4.1/bin/../lib/gcc/arm-none-eabi/5.4.1/../../../../arm-none-eabi/lib/armv7-m\libg_nano.a(lib_a-impure.o)
 .data          0x00000000        0x0 c:/program files (x86)/cypress/psoc creator/4.2/psoc creator/import/gnu/arm/5.4.1/bin/../lib/gcc/arm-none-eabi/5.4.1/../../../../arm-none-eabi/lib/armv7-m\libg_nano.a(lib_a-impure.o)
 .bss           0x00000000        0x0 c:/program files (x86)/cypress/psoc creator/4.2/psoc creator/import/gnu/arm/5.4.1/bin/../lib/gcc/arm-none-eabi/5.4.1/../../../../arm-none-eabi/lib/armv7-m\libg_nano.a(lib_a-impure.o)
 .rodata._global_impure_ptr
                0x00000000        0x4 c:/program files (x86)/cypress/psoc creator/4.2/psoc creator/import/gnu/arm/5.4.1/bin/../lib/gcc/arm-none-eabi/5.4.1/../../../../arm-none-eabi/lib/armv7-m\libg_nano.a(lib_a-impure.o)
 .text          0x00000000        0x0 c:/program files (x86)/cypress/psoc creator/4.2/psoc creator/import/gnu/arm/5.4.1/bin/../lib/gcc/arm-none-eabi/5.4.1/../../../../arm-none-eabi/lib/armv7-m\libg_nano.a(lib_a-init.o)
 .data          0x00000000        0x0 c:/program files (x86)/cypress/psoc creator/4.2/psoc creator/import/gnu/arm/5.4.1/bin/../lib/gcc/arm-none-eabi/5.4.1/../../../../arm-none-eabi/lib/armv7-m\libg_nano.a(lib_a-init.o)
 .bss           0x00000000        0x0 c:/program files (x86)/cypress/psoc creator/4.2/psoc creator/import/gnu/arm/5.4.1/bin/../lib/gcc/arm-none-eabi/5.4.1/../../../../arm-none-eabi/lib/armv7-m\libg_nano.a(lib_a-init.o)
 .text          0x00000000        0x0 c:/program files (x86)/cypress/psoc creator/4.2/psoc creator/import/gnu/arm/5.4.1/bin/../lib/gcc/arm-none-eabi/5.4.1/../../../../arm-none-eabi/lib/armv7-m\libg_nano.a(lib_a-memcpy-stub.o)
 .data          0x00000000        0x0 c:/program files (x86)/cypress/psoc creator/4.2/psoc creator/import/gnu/arm/5.4.1/bin/../lib/gcc/arm-none-eabi/5.4.1/../../../../arm-none-eabi/lib/armv7-m\libg_nano.a(lib_a-memcpy-stub.o)
 .bss           0x00000000        0x0 c:/program files (x86)/cypress/psoc creator/4.2/psoc creator/import/gnu/arm/5.4.1/bin/../lib/gcc/arm-none-eabi/5.4.1/../../../../arm-none-eabi/lib/armv7-m\libg_nano.a(lib_a-memcpy-stub.o)
 .text          0x00000000        0x0 c:/program files (x86)/cypress/psoc creator/4.2/psoc creator/import/gnu/arm/5.4.1/bin/../lib/gcc/arm-none-eabi/5.4.1/../../../../arm-none-eabi/lib/armv7-m\libg_nano.a(lib_a-memset.o)
 .data          0x00000000        0x0 c:/program files (x86)/cypress/psoc creator/4.2/psoc creator/import/gnu/arm/5.4.1/bin/../lib/gcc/arm-none-eabi/5.4.1/../../../../arm-none-eabi/lib/armv7-m\libg_nano.a(lib_a-memset.o)
 .bss           0x00000000        0x0 c:/program files (x86)/cypress/psoc creator/4.2/psoc creator/import/gnu/arm/5.4.1/bin/../lib/gcc/arm-none-eabi/5.4.1/../../../../arm-none-eabi/lib/armv7-m\libg_nano.a(lib_a-memset.o)
 .text          0x00000000        0x0 c:/program files (x86)/cypress/psoc creator/4.2/psoc creator/import/gnu/arm/5.4.1/bin/../lib/gcc/arm-none-eabi/5.4.1/armv7-m/crtend.o
 .data          0x00000000        0x0 c:/program files (x86)/cypress/psoc creator/4.2/psoc creator/import/gnu/arm/5.4.1/bin/../lib/gcc/arm-none-eabi/5.4.1/armv7-m/crtend.o
 .bss           0x00000000        0x0 c:/program files (x86)/cypress/psoc creator/4.2/psoc creator/import/gnu/arm/5.4.1/bin/../lib/gcc/arm-none-eabi/5.4.1/armv7-m/crtend.o
 .text          0x00000000        0x0 c:/program files (x86)/cypress/psoc creator/4.2/psoc creator/import/gnu/arm/5.4.1/bin/../lib/gcc/arm-none-eabi/5.4.1/armv7-m/crtn.o
 .data          0x00000000        0x0 c:/program files (x86)/cypress/psoc creator/4.2/psoc creator/import/gnu/arm/5.4.1/bin/../lib/gcc/arm-none-eabi/5.4.1/armv7-m/crtn.o
 .bss           0x00000000        0x0 c:/program files (x86)/cypress/psoc creator/4.2/psoc creator/import/gnu/arm/5.4.1/bin/../lib/gcc/arm-none-eabi/5.4.1/armv7-m/crtn.o

Memory Configuration

Name             Origin             Length             Attributes
rom              0x00000000         0x00040000         xr
ram              0x1fff8000         0x00010000         xrw
*default*        0x00000000         0xffffffff

Linker script and memory map

LOAD c:/program files (x86)/cypress/psoc creator/4.2/psoc creator/import/gnu/arm/5.4.1/bin/../lib/gcc/arm-none-eabi/5.4.1/armv7-m/crti.o
LOAD c:/program files (x86)/cypress/psoc creator/4.2/psoc creator/import/gnu/arm/5.4.1/bin/../lib/gcc/arm-none-eabi/5.4.1/armv7-m/crtbegin.o
LOAD c:/program files (x86)/cypress/psoc creator/4.2/psoc creator/import/gnu/arm/5.4.1/bin/../lib/gcc/arm-none-eabi/5.4.1/../../../../arm-none-eabi/lib/armv7-m/crt0.o
START GROUP
LOAD .\CortexM3\ARM_GCC_541\Debug\main.o
LOAD .\CortexM3\ARM_GCC_541\Debug\cyfitter_cfg.o
LOAD .\CortexM3\ARM_GCC_541\Debug\cymetadata.o
LOAD .\CortexM3\ARM_GCC_541\Debug\Cm3Start.o
LOAD .\CortexM3\ARM_GCC_541\Debug\Robot_Control.a
LOAD C:\Program Files (x86)\Cypress\PSoC Creator\4.2\PSoC Creator\psoc\content\cycomponentlibrary\CyComponentLibrary.cylib\CortexM3\ARM_GCC_541\Debug\CyComponentLibrary.a
END GROUP
START GROUP
LOAD c:/program files (x86)/cypress/psoc creator/4.2/psoc creator/import/gnu/arm/5.4.1/bin/../lib/gcc/arm-none-eabi/5.4.1/armv7-m\libgcc.a
LOAD c:/program files (x86)/cypress/psoc creator/4.2/psoc creator/import/gnu/arm/5.4.1/bin/../lib/gcc/arm-none-eabi/5.4.1/../../../../arm-none-eabi/lib/armv7-m\libg_nano.a
LOAD c:/program files (x86)/cypress/psoc creator/4.2/psoc creator/import/gnu/arm/5.4.1/bin/../lib/gcc/arm-none-eabi/5.4.1/../../../../arm-none-eabi/lib/armv7-m\libc_nano.a
END GROUP
START GROUP
LOAD c:/program files (x86)/cypress/psoc creator/4.2/psoc creator/import/gnu/arm/5.4.1/bin/../lib/gcc/arm-none-eabi/5.4.1/armv7-m\libgcc.a
LOAD c:/program files (x86)/cypress/psoc creator/4.2/psoc creator/import/gnu/arm/5.4.1/bin/../lib/gcc/arm-none-eabi/5.4.1/../../../../arm-none-eabi/lib/armv7-m\libc_nano.a
END GROUP
LOAD c:/program files (x86)/cypress/psoc creator/4.2/psoc creator/import/gnu/arm/5.4.1/bin/../lib/gcc/arm-none-eabi/5.4.1/armv7-m/crtend.o
LOAD c:/program files (x86)/cypress/psoc creator/4.2/psoc creator/import/gnu/arm/5.4.1/bin/../lib/gcc/arm-none-eabi/5.4.1/armv7-m/crtn.o
START GROUP
LOAD c:/program files (x86)/cypress/psoc creator/4.2/psoc creator/import/gnu/arm/5.4.1/bin/../lib/gcc/arm-none-eabi/5.4.1/armv7-m\libgcc.a
LOAD c:/program files (x86)/cypress/psoc creator/4.2/psoc creator/import/gnu/arm/5.4.1/bin/../lib/gcc/arm-none-eabi/5.4.1/../../../../arm-none-eabi/lib/armv7-m\libc.a
LOAD c:/program files (x86)/cypress/psoc creator/4.2/psoc creator/import/gnu/arm/5.4.1/bin/../lib/gcc/arm-none-eabi/5.4.1/../../../../arm-none-eabi/lib/armv7-m\libnosys.a
END GROUP
                0x00000000                CY_APPL_ORIGIN = 0x0
                0x00000100                CY_FLASH_ROW_SIZE = 0x100
                0x00000020                CY_ECC_ROW_SIZE = 0x20
                0x00000000                CY_EE_IN_BTLDR = 0x0
                0x00000000                CY_APPL_LOADABLE = 0x0
                0x00000800                CY_EE_SIZE = 0x800
                0x00000001                CY_APPL_NUM = 0x1
                0x00000001                CY_APPL_MAX = 0x1
                0x00000040                CY_METADATA_SIZE = 0x40
                0x00000000                CY_APPL_LOADABLE = 0x0
                0x00000000                CY_CHECKSUM_EXCLUDE_SIZE = ALIGN (0x0, CY_FLASH_ROW_SIZE)
                [!provide]                PROVIDE (__cy_heap_start, _end)
                0x00000001                PROVIDE (__cy_region_num, ((__cy_regions_end - __cy_regions) / 0x10))
                0x20008000                PROVIDE (__cy_stack, (ORIGIN (ram) + LENGTH (ram)))
                [!provide]                PROVIDE (__cy_heap_end, (__cy_stack - 0x800))

.cybootloader   0x00000000        0x0
 *(.cybootloader)
                0x00000000                appl1_start = CY_APPL_ORIGIN?CY_APPL_ORIGIN:ALIGN (CY_FLASH_ROW_SIZE)
                0x0001ff00                appl2_start = (appl1_start + ALIGN ((((LENGTH (rom) - appl1_start) - (0x2 * CY_FLASH_ROW_SIZE)) / 0x2), CY_FLASH_ROW_SIZE))
                0x00000000                appl_start = (CY_APPL_NUM == 0x1)?appl1_start:appl2_start
                0x00000000                ecc_offset = ((appl_start / CY_FLASH_ROW_SIZE) * CY_ECC_ROW_SIZE)
                0x00000000                ee_offset = (CY_APPL_LOADABLE && ! (CY_EE_IN_BTLDR))?((CY_EE_SIZE / CY_APPL_MAX) * (CY_APPL_NUM - 0x1)):0x0
                0x00000800                ee_size = (CY_APPL_LOADABLE && ! (CY_EE_IN_BTLDR))?(CY_EE_SIZE / CY_APPL_MAX):CY_EE_SIZE
                [!provide]                PROVIDE (CY_ECC_OFFSET, ecc_offset)

.text           0x00000000      0xd16
 CREATE_OBJECT_SYMBOLS
                0x00000000                PROVIDE (__cy_interrupt_vector, RomVectors)
 *(.romvectors)
 .romvectors    0x00000000       0x10 .\CortexM3\ARM_GCC_541\Debug\Cm3Start.o
                0x00000000                RomVectors
                0x00000001                ASSERT ((. != __cy_interrupt_vector), No interrupt vector)
                0x00000001                ASSERT (CY_APPL_ORIGIN?(SIZEOF (.cybootloader) <= CY_APPL_ORIGIN):0x1, Wrong image location)
                0x00000010                PROVIDE (__cy_reset, Reset)
 *(.text.Reset)
 .text.Reset    0x00000010       0x18 .\CortexM3\ARM_GCC_541\Debug\Cm3Start.o
                0x00000010                Reset
                0x00000001                ASSERT ((. != __cy_reset), No reset code)
 *(.dma_init)
                0x00000001                ASSERT ((((appl_start + .) <= 0x10000) || 0x1), DMA Init must be within the first 64k of flash)
 *(.text .text.* .gnu.linkonce.t.*)
 .text          0x00000028       0x5c c:/program files (x86)/cypress/psoc creator/4.2/psoc creator/import/gnu/arm/5.4.1/bin/../lib/gcc/arm-none-eabi/5.4.1/armv7-m/crtbegin.o
 .text.initializeAllComponenets
                0x00000084       0x28 .\CortexM3\ARM_GCC_541\Debug\main.o
                0x00000084                initializeAllComponenets
 .text.sadLeftEyebrow
                0x000000ac       0x14 .\CortexM3\ARM_GCC_541\Debug\main.o
                0x000000ac                sadLeftEyebrow
 .text.raisedLeftEyebrow
                0x000000c0       0x10 .\CortexM3\ARM_GCC_541\Debug\main.o
                0x000000c0                raisedLeftEyebrow
 .text.raisedRightEyebrow
                0x000000d0       0x14 .\CortexM3\ARM_GCC_541\Debug\main.o
                0x000000d0                raisedRightEyebrow
 .text.sadRightEyebrow
                0x000000e4       0x10 .\CortexM3\ARM_GCC_541\Debug\main.o
                0x000000e4                sadRightEyebrow
 .text.moveLowerJawUp
                0x000000f4        0xc .\CortexM3\ARM_GCC_541\Debug\main.o
                0x000000f4                moveLowerJawUp
 .text.moveNeckCenter
                0x00000100       0x14 .\CortexM3\ARM_GCC_541\Debug\main.o
                0x00000100                moveNeckCenter
 .text.moveLowerJawDown
                0x00000114        0xc .\CortexM3\ARM_GCC_541\Debug\main.o
                0x00000114                moveLowerJawDown
 .text.main     0x00000120       0x48 .\CortexM3\ARM_GCC_541\Debug\main.o
                0x00000120                main
 .text.CyClockStartupError
                0x00000168        0x4 .\CortexM3\ARM_GCC_541\Debug\cyfitter_cfg.o
 .text.cfg_write_bytes32
                0x0000016c       0x34 .\CortexM3\ARM_GCC_541\Debug\cyfitter_cfg.o
 .text.AnalogSetDefault
                0x000001a0       0x28 .\CortexM3\ARM_GCC_541\Debug\cyfitter_cfg.o
 .text.CYMEMZERO
                0x000001c8        0xc .\CortexM3\ARM_GCC_541\Debug\cyfitter_cfg.o
 .text.ClockSetup
                0x000001d4       0xfc .\CortexM3\ARM_GCC_541\Debug\cyfitter_cfg.o
 .text.CYCONFIGCPY
                0x000002d0        0x8 .\CortexM3\ARM_GCC_541\Debug\cyfitter_cfg.o
 .text.cyfitter_cfg
                0x000002d8       0xf0 .\CortexM3\ARM_GCC_541\Debug\cyfitter_cfg.o
                0x000002d8                cyfitter_cfg
 .text.IntDefaultHandler
                0x000003c8       0x10 .\CortexM3\ARM_GCC_541\Debug\Cm3Start.o
                0x000003c8                IntDefaultHandler
 .text.Start_c  0x000003d8       0x4c .\CortexM3\ARM_GCC_541\Debug\Cm3Start.o
                0x000003d8                Start_c
 .text.initialize_psoc
                0x00000424       0x68 .\CortexM3\ARM_GCC_541\Debug\Cm3Start.o
                0x00000424                initialize_psoc
 .text.RightEyebrow_Enable
                0x0000048c       0x10 .\CortexM3\ARM_GCC_541\Debug\Robot_Control.a(RightEyebrow.o)
                0x0000048c                RightEyebrow_Enable
 .text.RightEyebrow_WriteCounter
                0x0000049c        0xc .\CortexM3\ARM_GCC_541\Debug\Robot_Control.a(RightEyebrow.o)
                0x0000049c                RightEyebrow_WriteCounter
 .text.RightEyebrow_WritePeriod
                0x000004a8        0xc .\CortexM3\ARM_GCC_541\Debug\Robot_Control.a(RightEyebrow.o)
                0x000004a8                RightEyebrow_WritePeriod
 .text.RightEyebrow_WriteCompare1
                0x000004b4        0xc .\CortexM3\ARM_GCC_541\Debug\Robot_Control.a(RightEyebrow.o)
                0x000004b4                RightEyebrow_WriteCompare1
 .text.RightEyebrow_WriteCompare2
                0x000004c0        0xc .\CortexM3\ARM_GCC_541\Debug\Robot_Control.a(RightEyebrow.o)
                0x000004c0                RightEyebrow_WriteCompare2
 .text.RightEyebrow_SetInterruptMode
                0x000004cc        0xc .\CortexM3\ARM_GCC_541\Debug\Robot_Control.a(RightEyebrow.o)
                0x000004cc                RightEyebrow_SetInterruptMode
 .text.RightEyebrow_ReadStatusRegister
                0x000004d8        0xc .\CortexM3\ARM_GCC_541\Debug\Robot_Control.a(RightEyebrow.o)
                0x000004d8                RightEyebrow_ReadStatusRegister
 .text.RightEyebrow_ReadCapture
                0x000004e4        0xc .\CortexM3\ARM_GCC_541\Debug\Robot_Control.a(RightEyebrow.o)
                0x000004e4                RightEyebrow_ReadCapture
 .text.RightEyebrow_ClearFIFO
                0x000004f0       0x14 .\CortexM3\ARM_GCC_541\Debug\Robot_Control.a(RightEyebrow.o)
                0x000004f0                RightEyebrow_ClearFIFO
 .text.RightEyebrow_Init
                0x00000504       0x64 .\CortexM3\ARM_GCC_541\Debug\Robot_Control.a(RightEyebrow.o)
                0x00000504                RightEyebrow_Init
 .text.RightEyebrow_Start
                0x00000568       0x1c .\CortexM3\ARM_GCC_541\Debug\Robot_Control.a(RightEyebrow.o)
                0x00000568                RightEyebrow_Start
 .text.EyelidGroup_Enable
                0x00000584       0x10 .\CortexM3\ARM_GCC_541\Debug\Robot_Control.a(EyelidGroup.o)
                0x00000584                EyelidGroup_Enable
 .text.EyelidGroup_WriteCounter
                0x00000594        0xc .\CortexM3\ARM_GCC_541\Debug\Robot_Control.a(EyelidGroup.o)
                0x00000594                EyelidGroup_WriteCounter
 .text.EyelidGroup_WritePeriod
                0x000005a0        0xc .\CortexM3\ARM_GCC_541\Debug\Robot_Control.a(EyelidGroup.o)
                0x000005a0                EyelidGroup_WritePeriod
 .text.EyelidGroup_WriteCompare1
                0x000005ac        0xc .\CortexM3\ARM_GCC_541\Debug\Robot_Control.a(EyelidGroup.o)
                0x000005ac                EyelidGroup_WriteCompare1
 .text.EyelidGroup_WriteCompare2
                0x000005b8        0xc .\CortexM3\ARM_GCC_541\Debug\Robot_Control.a(EyelidGroup.o)
                0x000005b8                EyelidGroup_WriteCompare2
 .text.EyelidGroup_SetInterruptMode
                0x000005c4        0xc .\CortexM3\ARM_GCC_541\Debug\Robot_Control.a(EyelidGroup.o)
                0x000005c4                EyelidGroup_SetInterruptMode
 .text.EyelidGroup_ReadStatusRegister
                0x000005d0        0xc .\CortexM3\ARM_GCC_541\Debug\Robot_Control.a(EyelidGroup.o)
                0x000005d0                EyelidGroup_ReadStatusRegister
 .text.EyelidGroup_ReadCapture
                0x000005dc        0xc .\CortexM3\ARM_GCC_541\Debug\Robot_Control.a(EyelidGroup.o)
                0x000005dc                EyelidGroup_ReadCapture
 .text.EyelidGroup_ClearFIFO
                0x000005e8       0x14 .\CortexM3\ARM_GCC_541\Debug\Robot_Control.a(EyelidGroup.o)
                0x000005e8                EyelidGroup_ClearFIFO
 .text.EyelidGroup_Init
                0x000005fc       0x64 .\CortexM3\ARM_GCC_541\Debug\Robot_Control.a(EyelidGroup.o)
                0x000005fc                EyelidGroup_Init
 .text.EyelidGroup_Start
                0x00000660       0x1c .\CortexM3\ARM_GCC_541\Debug\Robot_Control.a(EyelidGroup.o)
                0x00000660                EyelidGroup_Start
 .text.EyeBallVertical_Enable
                0x0000067c       0x10 .\CortexM3\ARM_GCC_541\Debug\Robot_Control.a(EyeBallVertical.o)
                0x0000067c                EyeBallVertical_Enable
 .text.EyeBallVertical_WriteCounter
                0x0000068c        0xc .\CortexM3\ARM_GCC_541\Debug\Robot_Control.a(EyeBallVertical.o)
                0x0000068c                EyeBallVertical_WriteCounter
 .text.EyeBallVertical_WritePeriod
                0x00000698        0xc .\CortexM3\ARM_GCC_541\Debug\Robot_Control.a(EyeBallVertical.o)
                0x00000698                EyeBallVertical_WritePeriod
 .text.EyeBallVertical_WriteCompare1
                0x000006a4        0xc .\CortexM3\ARM_GCC_541\Debug\Robot_Control.a(EyeBallVertical.o)
                0x000006a4                EyeBallVertical_WriteCompare1
 .text.EyeBallVertical_WriteCompare2
                0x000006b0        0xc .\CortexM3\ARM_GCC_541\Debug\Robot_Control.a(EyeBallVertical.o)
                0x000006b0                EyeBallVertical_WriteCompare2
 .text.EyeBallVertical_SetInterruptMode
                0x000006bc        0xc .\CortexM3\ARM_GCC_541\Debug\Robot_Control.a(EyeBallVertical.o)
                0x000006bc                EyeBallVertical_SetInterruptMode
 .text.EyeBallVertical_ReadStatusRegister
                0x000006c8        0xc .\CortexM3\ARM_GCC_541\Debug\Robot_Control.a(EyeBallVertical.o)
                0x000006c8                EyeBallVertical_ReadStatusRegister
 .text.EyeBallVertical_ReadCapture
                0x000006d4        0xc .\CortexM3\ARM_GCC_541\Debug\Robot_Control.a(EyeBallVertical.o)
                0x000006d4                EyeBallVertical_ReadCapture
 .text.EyeBallVertical_ClearFIFO
                0x000006e0       0x14 .\CortexM3\ARM_GCC_541\Debug\Robot_Control.a(EyeBallVertical.o)
                0x000006e0                EyeBallVertical_ClearFIFO
 .text.EyeBallVertical_Init
                0x000006f4       0x64 .\CortexM3\ARM_GCC_541\Debug\Robot_Control.a(EyeBallVertical.o)
                0x000006f4                EyeBallVertical_Init
 .text.EyeBallVertical_Start
                0x00000758       0x1c .\CortexM3\ARM_GCC_541\Debug\Robot_Control.a(EyeBallVertical.o)
                0x00000758                EyeBallVertical_Start
 .text.BaseJaw_Enable
                0x00000774       0x10 .\CortexM3\ARM_GCC_541\Debug\Robot_Control.a(BaseJaw.o)
                0x00000774                BaseJaw_Enable
 .text.BaseJaw_WriteCounter
                0x00000784        0xc .\CortexM3\ARM_GCC_541\Debug\Robot_Control.a(BaseJaw.o)
                0x00000784                BaseJaw_WriteCounter
 .text.BaseJaw_WritePeriod
                0x00000790        0xc .\CortexM3\ARM_GCC_541\Debug\Robot_Control.a(BaseJaw.o)
                0x00000790                BaseJaw_WritePeriod
 .text.BaseJaw_WriteCompare1
                0x0000079c        0xc .\CortexM3\ARM_GCC_541\Debug\Robot_Control.a(BaseJaw.o)
                0x0000079c                BaseJaw_WriteCompare1
 .text.BaseJaw_WriteCompare2
                0x000007a8        0xc .\CortexM3\ARM_GCC_541\Debug\Robot_Control.a(BaseJaw.o)
                0x000007a8                BaseJaw_WriteCompare2
 .text.BaseJaw_SetInterruptMode
                0x000007b4        0xc .\CortexM3\ARM_GCC_541\Debug\Robot_Control.a(BaseJaw.o)
                0x000007b4                BaseJaw_SetInterruptMode
 .text.BaseJaw_ReadStatusRegister
                0x000007c0        0xc .\CortexM3\ARM_GCC_541\Debug\Robot_Control.a(BaseJaw.o)
                0x000007c0                BaseJaw_ReadStatusRegister
 .text.BaseJaw_ReadCapture
                0x000007cc        0xc .\CortexM3\ARM_GCC_541\Debug\Robot_Control.a(BaseJaw.o)
                0x000007cc                BaseJaw_ReadCapture
 .text.BaseJaw_ClearFIFO
                0x000007d8       0x14 .\CortexM3\ARM_GCC_541\Debug\Robot_Control.a(BaseJaw.o)
                0x000007d8                BaseJaw_ClearFIFO
 .text.BaseJaw_Init
                0x000007ec       0x64 .\CortexM3\ARM_GCC_541\Debug\Robot_Control.a(BaseJaw.o)
                0x000007ec                BaseJaw_Init
 .text.BaseJaw_Start
                0x00000850       0x1c .\CortexM3\ARM_GCC_541\Debug\Robot_Control.a(BaseJaw.o)
                0x00000850                BaseJaw_Start
 .text.LeftEyebrow_Enable
                0x0000086c       0x10 .\CortexM3\ARM_GCC_541\Debug\Robot_Control.a(LeftEyebrow.o)
                0x0000086c                LeftEyebrow_Enable
 .text.LeftEyebrow_WriteCounter
                0x0000087c        0xc .\CortexM3\ARM_GCC_541\Debug\Robot_Control.a(LeftEyebrow.o)
                0x0000087c                LeftEyebrow_WriteCounter
 .text.LeftEyebrow_WritePeriod
                0x00000888        0xc .\CortexM3\ARM_GCC_541\Debug\Robot_Control.a(LeftEyebrow.o)
                0x00000888                LeftEyebrow_WritePeriod
 .text.LeftEyebrow_WriteCompare1
                0x00000894        0xc .\CortexM3\ARM_GCC_541\Debug\Robot_Control.a(LeftEyebrow.o)
                0x00000894                LeftEyebrow_WriteCompare1
 .text.LeftEyebrow_WriteCompare2
                0x000008a0        0xc .\CortexM3\ARM_GCC_541\Debug\Robot_Control.a(LeftEyebrow.o)
                0x000008a0                LeftEyebrow_WriteCompare2
 .text.LeftEyebrow_SetInterruptMode
                0x000008ac        0xc .\CortexM3\ARM_GCC_541\Debug\Robot_Control.a(LeftEyebrow.o)
                0x000008ac                LeftEyebrow_SetInterruptMode
 .text.LeftEyebrow_ReadStatusRegister
                0x000008b8        0xc .\CortexM3\ARM_GCC_541\Debug\Robot_Control.a(LeftEyebrow.o)
                0x000008b8                LeftEyebrow_ReadStatusRegister
 .text.LeftEyebrow_ReadCapture
                0x000008c4        0xc .\CortexM3\ARM_GCC_541\Debug\Robot_Control.a(LeftEyebrow.o)
                0x000008c4                LeftEyebrow_ReadCapture
 .text.LeftEyebrow_ClearFIFO
                0x000008d0       0x14 .\CortexM3\ARM_GCC_541\Debug\Robot_Control.a(LeftEyebrow.o)
                0x000008d0                LeftEyebrow_ClearFIFO
 .text.LeftEyebrow_Init
                0x000008e4       0x64 .\CortexM3\ARM_GCC_541\Debug\Robot_Control.a(LeftEyebrow.o)
                0x000008e4                LeftEyebrow_Init
 .text.LeftEyebrow_Start
                0x00000948       0x1c .\CortexM3\ARM_GCC_541\Debug\Robot_Control.a(LeftEyebrow.o)
                0x00000948                LeftEyebrow_Start
 .text.EyeBallHorizontal_Enable
                0x00000964       0x10 .\CortexM3\ARM_GCC_541\Debug\Robot_Control.a(EyeBallHorizontal.o)
                0x00000964                EyeBallHorizontal_Enable
 .text.EyeBallHorizontal_WriteCounter
                0x00000974        0xc .\CortexM3\ARM_GCC_541\Debug\Robot_Control.a(EyeBallHorizontal.o)
                0x00000974                EyeBallHorizontal_WriteCounter
 .text.EyeBallHorizontal_WritePeriod
                0x00000980        0xc .\CortexM3\ARM_GCC_541\Debug\Robot_Control.a(EyeBallHorizontal.o)
                0x00000980                EyeBallHorizontal_WritePeriod
 .text.EyeBallHorizontal_WriteCompare1
                0x0000098c        0xc .\CortexM3\ARM_GCC_541\Debug\Robot_Control.a(EyeBallHorizontal.o)
                0x0000098c                EyeBallHorizontal_WriteCompare1
 .text.EyeBallHorizontal_WriteCompare2
                0x00000998        0xc .\CortexM3\ARM_GCC_541\Debug\Robot_Control.a(EyeBallHorizontal.o)
                0x00000998                EyeBallHorizontal_WriteCompare2
 .text.EyeBallHorizontal_SetInterruptMode
                0x000009a4        0xc .\CortexM3\ARM_GCC_541\Debug\Robot_Control.a(EyeBallHorizontal.o)
                0x000009a4                EyeBallHorizontal_SetInterruptMode
 .text.EyeBallHorizontal_ReadStatusRegister
                0x000009b0        0xc .\CortexM3\ARM_GCC_541\Debug\Robot_Control.a(EyeBallHorizontal.o)
                0x000009b0                EyeBallHorizontal_ReadStatusRegister
 .text.EyeBallHorizontal_ReadCapture
                0x000009bc        0xc .\CortexM3\ARM_GCC_541\Debug\Robot_Control.a(EyeBallHorizontal.o)
                0x000009bc                EyeBallHorizontal_ReadCapture
 .text.EyeBallHorizontal_ClearFIFO
                0x000009c8       0x14 .\CortexM3\ARM_GCC_541\Debug\Robot_Control.a(EyeBallHorizontal.o)
                0x000009c8                EyeBallHorizontal_ClearFIFO
 .text.EyeBallHorizontal_Init
                0x000009dc       0x64 .\CortexM3\ARM_GCC_541\Debug\Robot_Control.a(EyeBallHorizontal.o)
                0x000009dc                EyeBallHorizontal_Init
 .text.EyeBallHorizontal_Start
                0x00000a40       0x1c .\CortexM3\ARM_GCC_541\Debug\Robot_Control.a(EyeBallHorizontal.o)
                0x00000a40                EyeBallHorizontal_Start
 .text.Neck_Enable
                0x00000a5c       0x10 .\CortexM3\ARM_GCC_541\Debug\Robot_Control.a(Neck.o)
                0x00000a5c                Neck_Enable
 .text.Neck_WriteCounter
                0x00000a6c        0xc .\CortexM3\ARM_GCC_541\Debug\Robot_Control.a(Neck.o)
                0x00000a6c                Neck_WriteCounter
 .text.Neck_WritePeriod
                0x00000a78        0xc .\CortexM3\ARM_GCC_541\Debug\Robot_Control.a(Neck.o)
                0x00000a78                Neck_WritePeriod
 .text.Neck_WriteCompare1
                0x00000a84        0xc .\CortexM3\ARM_GCC_541\Debug\Robot_Control.a(Neck.o)
                0x00000a84                Neck_WriteCompare1
 .text.Neck_WriteCompare2
                0x00000a90        0xc .\CortexM3\ARM_GCC_541\Debug\Robot_Control.a(Neck.o)
                0x00000a90                Neck_WriteCompare2
 .text.Neck_SetInterruptMode
                0x00000a9c        0xc .\CortexM3\ARM_GCC_541\Debug\Robot_Control.a(Neck.o)
                0x00000a9c                Neck_SetInterruptMode
 .text.Neck_ReadStatusRegister
                0x00000aa8        0xc .\CortexM3\ARM_GCC_541\Debug\Robot_Control.a(Neck.o)
                0x00000aa8                Neck_ReadStatusRegister
 .text.Neck_ReadCapture
                0x00000ab4        0xc .\CortexM3\ARM_GCC_541\Debug\Robot_Control.a(Neck.o)
                0x00000ab4                Neck_ReadCapture
 .text.Neck_ClearFIFO
                0x00000ac0       0x14 .\CortexM3\ARM_GCC_541\Debug\Robot_Control.a(Neck.o)
                0x00000ac0                Neck_ClearFIFO
 .text.Neck_Init
                0x00000ad4       0x64 .\CortexM3\ARM_GCC_541\Debug\Robot_Control.a(Neck.o)
                0x00000ad4                Neck_Init
 .text.Neck_Start
                0x00000b38       0x1c .\CortexM3\ARM_GCC_541\Debug\Robot_Control.a(Neck.o)
                0x00000b38                Neck_Start
 .text.Lip_Enable
                0x00000b54       0x10 .\CortexM3\ARM_GCC_541\Debug\Robot_Control.a(Lip.o)
                0x00000b54                Lip_Enable
 .text.Lip_WriteCounter
                0x00000b64        0xc .\CortexM3\ARM_GCC_541\Debug\Robot_Control.a(Lip.o)
                0x00000b64                Lip_WriteCounter
 .text.Lip_WritePeriod
                0x00000b70        0xc .\CortexM3\ARM_GCC_541\Debug\Robot_Control.a(Lip.o)
                0x00000b70                Lip_WritePeriod
 .text.Lip_WriteCompare1
                0x00000b7c        0xc .\CortexM3\ARM_GCC_541\Debug\Robot_Control.a(Lip.o)
                0x00000b7c                Lip_WriteCompare1
 .text.Lip_WriteCompare2
                0x00000b88        0xc .\CortexM3\ARM_GCC_541\Debug\Robot_Control.a(Lip.o)
                0x00000b88                Lip_WriteCompare2
 .text.Lip_SetInterruptMode
                0x00000b94        0xc .\CortexM3\ARM_GCC_541\Debug\Robot_Control.a(Lip.o)
                0x00000b94                Lip_SetInterruptMode
 .text.Lip_ReadStatusRegister
                0x00000ba0        0xc .\CortexM3\ARM_GCC_541\Debug\Robot_Control.a(Lip.o)
                0x00000ba0                Lip_ReadStatusRegister
 .text.Lip_ReadCapture
                0x00000bac        0xc .\CortexM3\ARM_GCC_541\Debug\Robot_Control.a(Lip.o)
                0x00000bac                Lip_ReadCapture
 .text.Lip_ClearFIFO
                0x00000bb8       0x14 .\CortexM3\ARM_GCC_541\Debug\Robot_Control.a(Lip.o)
                0x00000bb8                Lip_ClearFIFO
 .text.Lip_Init
                0x00000bcc       0x64 .\CortexM3\ARM_GCC_541\Debug\Robot_Control.a(Lip.o)
                0x00000bcc                Lip_Init
 .text.Lip_Start
                0x00000c30       0x1c .\CortexM3\ARM_GCC_541\Debug\Robot_Control.a(Lip.o)
                0x00000c30                Lip_Start
 .text.CyDelay  0x00000c4c       0x2c .\CortexM3\ARM_GCC_541\Debug\Robot_Control.a(CyLib.o)
                0x00000c4c                CyDelay
 .text          0x00000c78       0x20 .\CortexM3\ARM_GCC_541\Debug\Robot_Control.a(CyBootAsmGnu.o)
                0x00000c78                CyDelayCycles
                0x00000c88                CyEnterCriticalSection
                0x00000c90                CyExitCriticalSection
 .text.__errno  0x00000c98        0xc c:/program files (x86)/cypress/psoc creator/4.2/psoc creator/import/gnu/arm/5.4.1/bin/../lib/gcc/arm-none-eabi/5.4.1/../../../../arm-none-eabi/lib/armv7-m\libg_nano.a(lib_a-errno.o)
                0x00000c98                __errno
 .text.__libc_init_array
                0x00000ca4       0x4c c:/program files (x86)/cypress/psoc creator/4.2/psoc creator/import/gnu/arm/5.4.1/bin/../lib/gcc/arm-none-eabi/5.4.1/../../../../arm-none-eabi/lib/armv7-m\libg_nano.a(lib_a-init.o)
                0x00000ca4                __libc_init_array
 .text.memcpy   0x00000cf0       0x16 c:/program files (x86)/cypress/psoc creator/4.2/psoc creator/import/gnu/arm/5.4.1/bin/../lib/gcc/arm-none-eabi/5.4.1/../../../../arm-none-eabi/lib/armv7-m\libg_nano.a(lib_a-memcpy-stub.o)
                0x00000cf0                memcpy
 .text.memset   0x00000d06       0x10 c:/program files (x86)/cypress/psoc creator/4.2/psoc creator/import/gnu/arm/5.4.1/bin/../lib/gcc/arm-none-eabi/5.4.1/../../../../arm-none-eabi/lib/armv7-m\libg_nano.a(lib_a-memset.o)
                0x00000d06                memset
 *(.plt)
 *(.gnu.warning)
 *(.glue_7t)
 .glue_7t       0x00000d16        0x0 linker stubs
 *(.glue_7)
 .glue_7        0x00000d16        0x0 linker stubs
 *(.vfp11_veneer)
 .vfp11_veneer  0x00000d16        0x0 linker stubs
 *(.bootloader)
 *(.ARM.extab* .gnu.linkonce.armextab.*)
 *(.gcc_except_table)

.v4_bx          0x00000d18        0x0
 .v4_bx         0x00000d18        0x0 linker stubs

.iplt           0x00000d18        0x0
 .iplt          0x00000d18        0x0 c:/program files (x86)/cypress/psoc creator/4.2/psoc creator/import/gnu/arm/5.4.1/bin/../lib/gcc/arm-none-eabi/5.4.1/armv7-m/crtbegin.o

.eh_frame_hdr
 *(.eh_frame_hdr)

.eh_frame       0x00000d18        0x4
 *(.eh_frame)
 .eh_frame      0x00000d18        0x0 c:/program files (x86)/cypress/psoc creator/4.2/psoc creator/import/gnu/arm/5.4.1/bin/../lib/gcc/arm-none-eabi/5.4.1/armv7-m/crtbegin.o
 .eh_frame      0x00000d18        0x4 c:/program files (x86)/cypress/psoc creator/4.2/psoc creator/import/gnu/arm/5.4.1/bin/../lib/gcc/arm-none-eabi/5.4.1/armv7-m/crtend.o
                [!provide]                PROVIDE (__exidx_start, .)

.ARM.exidx
 *(.ARM.exidx* .gnu.linkonce.armexidx.*)
                0x00000d1c                __exidx_end = .

.rodata         0x00000d1c       0x6c
 *(.rodata .rodata.* .gnu.linkonce.r.*)
 .rodata        0x00000d1c       0x30 .\CortexM3\ARM_GCC_541\Debug\cyfitter_cfg.o
 .rodata.str1.1
                0x00000d4c        0x2 c:/program files (x86)/cypress/psoc creator/4.2/psoc creator/import/gnu/arm/5.4.1/bin/../lib/gcc/arm-none-eabi/5.4.1/../../../../arm-none-eabi/lib/armv7-m\libg_nano.a(lib_a-impure.o)
                0x00000d50                . = ALIGN (0x4)
 *fill*         0x00000d4e        0x2 
 *(.init)
 .init          0x00000d50        0x4 c:/program files (x86)/cypress/psoc creator/4.2/psoc creator/import/gnu/arm/5.4.1/bin/../lib/gcc/arm-none-eabi/5.4.1/armv7-m/crti.o
                0x00000d50                _init
 .init          0x00000d54        0x8 c:/program files (x86)/cypress/psoc creator/4.2/psoc creator/import/gnu/arm/5.4.1/bin/../lib/gcc/arm-none-eabi/5.4.1/armv7-m/crtn.o
                0x00000d5c                . = ALIGN (0x4)
                0x00000d5c                __preinit_array_start = .
 *(.preinit_array)
                0x00000d5c                __preinit_array_end = .
                0x00000d5c                . = ALIGN (0x4)
                0x00000d5c                __init_array_start = .
 *(SORT(.init_array.*))
 *(.init_array)
 .init_array    0x00000d5c        0x4 c:/program files (x86)/cypress/psoc creator/4.2/psoc creator/import/gnu/arm/5.4.1/bin/../lib/gcc/arm-none-eabi/5.4.1/armv7-m/crtbegin.o
 .init_array    0x00000d60        0x4 .\CortexM3\ARM_GCC_541\Debug\Cm3Start.o
                0x00000d64                __init_array_end = .
                0x00000d64                . = ALIGN (0x4)
 *(.fini)
 .fini          0x00000d64        0x4 c:/program files (x86)/cypress/psoc creator/4.2/psoc creator/import/gnu/arm/5.4.1/bin/../lib/gcc/arm-none-eabi/5.4.1/armv7-m/crti.o
                0x00000d64                _fini
 .fini          0x00000d68        0x8 c:/program files (x86)/cypress/psoc creator/4.2/psoc creator/import/gnu/arm/5.4.1/bin/../lib/gcc/arm-none-eabi/5.4.1/armv7-m/crtn.o
                0x00000d70                . = ALIGN (0x4)
                0x00000d70                __fini_array_start = .
 *(.fini_array)
 .fini_array    0x00000d70        0x4 c:/program files (x86)/cypress/psoc creator/4.2/psoc creator/import/gnu/arm/5.4.1/bin/../lib/gcc/arm-none-eabi/5.4.1/armv7-m/crtbegin.o
 *(SORT(.fini_array.*))
                0x00000d74                __fini_array_end = .
                0x00000d74                . = ALIGN (0x4)
 *crtbegin.o(.ctors)
 *(EXCLUDE_FILE(*crtend.o) .ctors)
 *(SORT(.ctors.*))
 *crtend.o(.ctors)
                0x00000d74                . = ALIGN (0x4)
 *crtbegin.o(.dtors)
 *(EXCLUDE_FILE(*crtend.o) .dtors)
 *(SORT(.dtors.*))
 *crtend.o(.dtors)
                0x00000d74                . = ALIGN (0x4)
                0x00000d74                __cy_regions = .
                0x00000d74        0x4 LONG 0xd88 __cy_region_init_ram
                0x00000d78        0x4 LONG 0x1fff80c8 __cy_region_start_data
                0x00000d7c        0x4 LONG 0x78 __cy_region_init_size_ram
                0x00000d80        0x4 LONG 0x28 __cy_region_zero_size_ram
                0x00000d84                __cy_regions_end = .
                0x00000d88                . = ALIGN (0x8)
 *fill*         0x00000d84        0x4 
                0x00000d88                _etext = .

.cy_checksum_exclude
                0x00000d88        0x0
 *(.cy_checksum_exclude)

.ramvectors     0x1fff8000       0xc0
                0x1fff8000                __cy_region_start_ram = .
 *(.ramvectors)
 .ramvectors    0x1fff8000       0xc0 .\CortexM3\ARM_GCC_541\Debug\Cm3Start.o
                0x1fff8000                CyRamVectors

.noinit         0x1fff80c0        0x1
 *(.noinit)
 .noinit        0x1fff80c0        0x1 .\CortexM3\ARM_GCC_541\Debug\Robot_Control.a(CyLib.o)
                0x1fff80c0                CyResetStatus

.data           0x1fff80c8       0x78 load address 0x00000d88
                0x1fff80c8                __cy_region_start_data = .
 *(.jcr)
 .jcr           0x1fff80c8        0x0 c:/program files (x86)/cypress/psoc creator/4.2/psoc creator/import/gnu/arm/5.4.1/bin/../lib/gcc/arm-none-eabi/5.4.1/armv7-m/crtbegin.o
 .jcr           0x1fff80c8        0x4 c:/program files (x86)/cypress/psoc creator/4.2/psoc creator/import/gnu/arm/5.4.1/bin/../lib/gcc/arm-none-eabi/5.4.1/armv7-m/crtend.o
 *(.got.plt)
 *(.got)
 *(.shdata)
 *(.data .data.* .gnu.linkonce.d.*)
 .data          0x1fff80cc       0x10 .\CortexM3\ARM_GCC_541\Debug\Robot_Control.a(CyLib.o)
                0x1fff80cc                cydelay_32k_ms
                0x1fff80d0                cydelay_freq_khz
                0x1fff80d4                cydelay_freq_mhz
                0x1fff80d8                cydelay_freq_hz
 .data.impure_data
                0x1fff80dc       0x60 c:/program files (x86)/cypress/psoc creator/4.2/psoc creator/import/gnu/arm/5.4.1/bin/../lib/gcc/arm-none-eabi/5.4.1/../../../../arm-none-eabi/lib/armv7-m\libg_nano.a(lib_a-impure.o)
 .data._impure_ptr
                0x1fff813c        0x4 c:/program files (x86)/cypress/psoc creator/4.2/psoc creator/import/gnu/arm/5.4.1/bin/../lib/gcc/arm-none-eabi/5.4.1/../../../../arm-none-eabi/lib/armv7-m\libg_nano.a(lib_a-impure.o)
                0x1fff813c                _impure_ptr
                0x1fff8140                . = ALIGN (0x8)
 *(.ram)
                0x1fff8140                _edata = .

.igot.plt       0x1fff8140        0x0 load address 0x00000e00
 .igot.plt      0x1fff8140        0x0 c:/program files (x86)/cypress/psoc creator/4.2/psoc creator/import/gnu/arm/5.4.1/bin/../lib/gcc/arm-none-eabi/5.4.1/armv7-m/crtbegin.o

.bss            0x1fff8140       0x28 load address 0x00000e00
                0x1fff8140                PROVIDE (__bss_start__, .)
 *(.shbss)
 *(.bss .bss.* .gnu.linkonce.b.*)
 .bss           0x1fff8140       0x1c c:/program files (x86)/cypress/psoc creator/4.2/psoc creator/import/gnu/arm/5.4.1/bin/../lib/gcc/arm-none-eabi/5.4.1/armv7-m/crtbegin.o
 .bss           0x1fff815c        0x1 .\CortexM3\ARM_GCC_541\Debug\Robot_Control.a(RightEyebrow.o)
                0x1fff815c                RightEyebrow_initVar
 .bss           0x1fff815d        0x1 .\CortexM3\ARM_GCC_541\Debug\Robot_Control.a(EyelidGroup.o)
                0x1fff815d                EyelidGroup_initVar
 .bss           0x1fff815e        0x1 .\CortexM3\ARM_GCC_541\Debug\Robot_Control.a(EyeBallVertical.o)
                0x1fff815e                EyeBallVertical_initVar
 .bss           0x1fff815f        0x1 .\CortexM3\ARM_GCC_541\Debug\Robot_Control.a(BaseJaw.o)
                0x1fff815f                BaseJaw_initVar
 .bss           0x1fff8160        0x1 .\CortexM3\ARM_GCC_541\Debug\Robot_Control.a(LeftEyebrow.o)
                0x1fff8160                LeftEyebrow_initVar
 .bss           0x1fff8161        0x1 .\CortexM3\ARM_GCC_541\Debug\Robot_Control.a(EyeBallHorizontal.o)
                0x1fff8161                EyeBallHorizontal_initVar
 .bss           0x1fff8162        0x1 .\CortexM3\ARM_GCC_541\Debug\Robot_Control.a(Neck.o)
                0x1fff8162                Neck_initVar
 .bss           0x1fff8163        0x1 .\CortexM3\ARM_GCC_541\Debug\Robot_Control.a(Lip.o)
                0x1fff8163                Lip_initVar
 *(COMMON)
                0x1fff8168                . = ALIGN (0x8)
 *fill*         0x1fff8164        0x4 
 *(.ram.b)
                0x1fff8168                _end = .
                0x1fff8168                __end = .
                0x1fff8168                PROVIDE (end, .)
                0x1fff8168                PROVIDE (__bss_end__, .)
                0x00000d88                __cy_region_init_ram = LOADADDR (.data)
                0x00000078                __cy_region_init_size_ram = (_edata - ADDR (.data))
                0x00000028                __cy_region_zero_size_ram = (_end - _edata)

.heap           0x1fff8168       0x80 load address 0x00000e00
                0x1fff8168                . = _end
                0x1fff81e8                . = (. + 0x80)
 *fill*         0x1fff8168       0x80 
                0x1fff81e8                __cy_heap_limit = .

.stack          0x20007800      0x800
                0x20007800                __cy_stack_limit = .
                0x20008000                . = (. + 0x800)
 *fill*         0x20007800      0x800 
                0x00000001                ASSERT ((__cy_stack_limit >= __cy_heap_limit), region RAM overflowed with stack)
                0x00000000                cy_checksum_exclude_size = (CY_APPL_LOADABLE == 0x1)?SIZEOF (.cy_checksum_exclude):0x0
                0x00000001                ASSERT ((cy_checksum_exclude_size <= CY_CHECKSUM_EXCLUDE_SIZE), CY_BOOT: Section .cy_checksum_exclude size exceedes specified limit.)

.cyloadermeta
 *(.cyloadermeta)

.cyloadablemeta
 *(.cyloadablemeta)

.cyconfigecc    0x80000000      0x7b0
 *(.cyconfigecc)
 .cyconfigecc   0x80000000      0x7b0 .\CortexM3\ARM_GCC_541\Debug\cymetadata.o
                0x80000000                cy_meta_configecc

.cycustnvl      0x90000000        0x4
 *(.cycustnvl)
 .cycustnvl     0x90000000        0x4 .\CortexM3\ARM_GCC_541\Debug\cymetadata.o
                0x90000000                cy_meta_custnvl

.cywolatch      0x90100000        0x4
 *(.cywolatch)
 .cywolatch     0x90100000        0x4 .\CortexM3\ARM_GCC_541\Debug\cymetadata.o
                0x90100000                cy_meta_wonvl

.cyeeprom       0x90200000        0x0
 *(.cyeeprom)
                0x00000001                ASSERT ((. <= ((0x90200000 + ee_offset) + ee_size)), .cyeeprom data will not fit in EEPROM)

.cyflashprotect
                0x90400000      0x100
 *(.cyflashprotect)
 .cyflashprotect
                0x90400000      0x100 .\CortexM3\ARM_GCC_541\Debug\cymetadata.o
                0x90400000                cy_meta_flashprotect

.cymeta         0x90500000        0xc
 *(.cymeta)
 .cymeta        0x90500000        0xc .\CortexM3\ARM_GCC_541\Debug\cymetadata.o
                0x90500000                cy_metadata

.rel.dyn        0x00000e00        0x0 load address 0x9050000c
 .rel.iplt      0x00000e00        0x0 c:/program files (x86)/cypress/psoc creator/4.2/psoc creator/import/gnu/arm/5.4.1/bin/../lib/gcc/arm-none-eabi/5.4.1/armv7-m/crtbegin.o

.stab
 *(.stab)

.stabstr
 *(.stabstr)

.debug
 *(.debug)

.line
 *(.line)

.debug_srcinfo
 *(.debug_srcinfo)

.debug_sfnames
 *(.debug_sfnames)

.debug_aranges  0x00000000      0xb28
 *(.debug_aranges)
 .debug_aranges
                0x00000000       0xd0 .\CortexM3\ARM_GCC_541\Debug\main.o
 .debug_aranges
                0x000000d0       0x58 .\CortexM3\ARM_GCC_541\Debug\cyfitter_cfg.o
 .debug_aranges
                0x00000128       0x18 .\CortexM3\ARM_GCC_541\Debug\cymetadata.o
 .debug_aranges
                0x00000140       0x48 .\CortexM3\ARM_GCC_541\Debug\Cm3Start.o
 .debug_aranges
                0x00000188       0xa8 .\CortexM3\ARM_GCC_541\Debug\Robot_Control.a(RightEyebrow.o)
 .debug_aranges
                0x00000230       0xa8 .\CortexM3\ARM_GCC_541\Debug\Robot_Control.a(EyelidGroup.o)
 .debug_aranges
                0x000002d8       0xa8 .\CortexM3\ARM_GCC_541\Debug\Robot_Control.a(EyeBallVertical.o)
 .debug_aranges
                0x00000380       0xa8 .\CortexM3\ARM_GCC_541\Debug\Robot_Control.a(BaseJaw.o)
 .debug_aranges
                0x00000428       0xa8 .\CortexM3\ARM_GCC_541\Debug\Robot_Control.a(LeftEyebrow.o)
 .debug_aranges
                0x000004d0       0xa8 .\CortexM3\ARM_GCC_541\Debug\Robot_Control.a(EyeBallHorizontal.o)
 .debug_aranges
                0x00000578       0xa8 .\CortexM3\ARM_GCC_541\Debug\Robot_Control.a(Neck.o)
 .debug_aranges
                0x00000620       0xa8 .\CortexM3\ARM_GCC_541\Debug\Robot_Control.a(Lip.o)
 .debug_aranges
                0x000006c8      0x2a0 .\CortexM3\ARM_GCC_541\Debug\Robot_Control.a(CyLib.o)
 .debug_aranges
                0x00000968       0x98 .\CortexM3\ARM_GCC_541\Debug\Robot_Control.a(cyPm.o)
 .debug_aranges
                0x00000a00       0x20 .\CortexM3\ARM_GCC_541\Debug\Robot_Control.a(CyBootAsmGnu.o)
 .debug_aranges
                0x00000a20       0x88 .\CortexM3\ARM_GCC_541\Debug\Robot_Control.a(CyFlash.o)
 .debug_aranges
                0x00000aa8       0x80 .\CortexM3\ARM_GCC_541\Debug\Robot_Control.a(CySpc.o)

.debug_pubnames
 *(.debug_pubnames)

.debug_info     0x00000000     0x5960
 *(.debug_info .gnu.linkonce.wi.*)
 .debug_info    0x00000000      0x8c0 .\CortexM3\ARM_GCC_541\Debug\main.o
 .debug_info    0x000008c0      0x4c9 .\CortexM3\ARM_GCC_541\Debug\cyfitter_cfg.o
 .debug_info    0x00000d89      0x139 .\CortexM3\ARM_GCC_541\Debug\cymetadata.o
 .debug_info    0x00000ec2      0x3bb .\CortexM3\ARM_GCC_541\Debug\Cm3Start.o
 .debug_info    0x0000127d      0x3a0 .\CortexM3\ARM_GCC_541\Debug\Robot_Control.a(RightEyebrow.o)
 .debug_info    0x0000161d      0x3a0 .\CortexM3\ARM_GCC_541\Debug\Robot_Control.a(EyelidGroup.o)
 .debug_info    0x000019bd      0x3a0 .\CortexM3\ARM_GCC_541\Debug\Robot_Control.a(EyeBallVertical.o)
 .debug_info    0x00001d5d      0x3a0 .\CortexM3\ARM_GCC_541\Debug\Robot_Control.a(BaseJaw.o)
 .debug_info    0x000020fd      0x3a0 .\CortexM3\ARM_GCC_541\Debug\Robot_Control.a(LeftEyebrow.o)
 .debug_info    0x0000249d      0x3a0 .\CortexM3\ARM_GCC_541\Debug\Robot_Control.a(EyeBallHorizontal.o)
 .debug_info    0x0000283d      0x3a0 .\CortexM3\ARM_GCC_541\Debug\Robot_Control.a(Neck.o)
 .debug_info    0x00002bdd      0x3a0 .\CortexM3\ARM_GCC_541\Debug\Robot_Control.a(Lip.o)
 .debug_info    0x00002f7d     0x1374 .\CortexM3\ARM_GCC_541\Debug\Robot_Control.a(CyLib.o)
 .debug_info    0x000042f1      0xa2a .\CortexM3\ARM_GCC_541\Debug\Robot_Control.a(cyPm.o)
 .debug_info    0x00004d1b       0xa8 .\CortexM3\ARM_GCC_541\Debug\Robot_Control.a(CyBootAsmGnu.o)
 .debug_info    0x00004dc3      0x64d .\CortexM3\ARM_GCC_541\Debug\Robot_Control.a(CyFlash.o)
 .debug_info    0x00005410      0x550 .\CortexM3\ARM_GCC_541\Debug\Robot_Control.a(CySpc.o)

.debug_abbrev   0x00000000     0x1609
 *(.debug_abbrev)
 .debug_abbrev  0x00000000       0xc6 .\CortexM3\ARM_GCC_541\Debug\main.o
 .debug_abbrev  0x000000c6      0x1fe .\CortexM3\ARM_GCC_541\Debug\cyfitter_cfg.o
 .debug_abbrev  0x000002c4       0x77 .\CortexM3\ARM_GCC_541\Debug\cymetadata.o
 .debug_abbrev  0x0000033b      0x1e8 .\CortexM3\ARM_GCC_541\Debug\Cm3Start.o
 .debug_abbrev  0x00000523      0x133 .\CortexM3\ARM_GCC_541\Debug\Robot_Control.a(RightEyebrow.o)
 .debug_abbrev  0x00000656      0x133 .\CortexM3\ARM_GCC_541\Debug\Robot_Control.a(EyelidGroup.o)
 .debug_abbrev  0x00000789      0x133 .\CortexM3\ARM_GCC_541\Debug\Robot_Control.a(EyeBallVertical.o)
 .debug_abbrev  0x000008bc      0x133 .\CortexM3\ARM_GCC_541\Debug\Robot_Control.a(BaseJaw.o)
 .debug_abbrev  0x000009ef      0x133 .\CortexM3\ARM_GCC_541\Debug\Robot_Control.a(LeftEyebrow.o)
 .debug_abbrev  0x00000b22      0x133 .\CortexM3\ARM_GCC_541\Debug\Robot_Control.a(EyeBallHorizontal.o)
 .debug_abbrev  0x00000c55      0x133 .\CortexM3\ARM_GCC_541\Debug\Robot_Control.a(Neck.o)
 .debug_abbrev  0x00000d88      0x133 .\CortexM3\ARM_GCC_541\Debug\Robot_Control.a(Lip.o)
 .debug_abbrev  0x00000ebb      0x254 .\CortexM3\ARM_GCC_541\Debug\Robot_Control.a(CyLib.o)
 .debug_abbrev  0x0000110f      0x1ab .\CortexM3\ARM_GCC_541\Debug\Robot_Control.a(cyPm.o)
 .debug_abbrev  0x000012ba       0x14 .\CortexM3\ARM_GCC_541\Debug\Robot_Control.a(CyBootAsmGnu.o)
 .debug_abbrev  0x000012ce      0x1a7 .\CortexM3\ARM_GCC_541\Debug\Robot_Control.a(CyFlash.o)
 .debug_abbrev  0x00001475      0x194 .\CortexM3\ARM_GCC_541\Debug\Robot_Control.a(CySpc.o)

.debug_line     0x00000000     0x26f3
 *(.debug_line)
 .debug_line    0x00000000      0x3b4 .\CortexM3\ARM_GCC_541\Debug\main.o
 .debug_line    0x000003b4      0x1e5 .\CortexM3\ARM_GCC_541\Debug\cyfitter_cfg.o
 .debug_line    0x00000599      0x141 .\CortexM3\ARM_GCC_541\Debug\cymetadata.o
 .debug_line    0x000006da      0x234 .\CortexM3\ARM_GCC_541\Debug\Cm3Start.o
 .debug_line    0x0000090e      0x1b3 .\CortexM3\ARM_GCC_541\Debug\Robot_Control.a(RightEyebrow.o)
 .debug_line    0x00000ac1      0x1b2 .\CortexM3\ARM_GCC_541\Debug\Robot_Control.a(EyelidGroup.o)
 .debug_line    0x00000c73      0x1b6 .\CortexM3\ARM_GCC_541\Debug\Robot_Control.a(EyeBallVertical.o)
 .debug_line    0x00000e29      0x1ae .\CortexM3\ARM_GCC_541\Debug\Robot_Control.a(BaseJaw.o)
 .debug_line    0x00000fd7      0x1b2 .\CortexM3\ARM_GCC_541\Debug\Robot_Control.a(LeftEyebrow.o)
 .debug_line    0x00001189      0x1b8 .\CortexM3\ARM_GCC_541\Debug\Robot_Control.a(EyeBallHorizontal.o)
 .debug_line    0x00001341      0x1ab .\CortexM3\ARM_GCC_541\Debug\Robot_Control.a(Neck.o)
 .debug_line    0x000014ec      0x1aa .\CortexM3\ARM_GCC_541\Debug\Robot_Control.a(Lip.o)
 .debug_line    0x00001696      0x816 .\CortexM3\ARM_GCC_541\Debug\Robot_Control.a(CyLib.o)
 .debug_line    0x00001eac      0x367 .\CortexM3\ARM_GCC_541\Debug\Robot_Control.a(cyPm.o)
 .debug_line    0x00002213       0x66 .\CortexM3\ARM_GCC_541\Debug\Robot_Control.a(CyBootAsmGnu.o)
 .debug_line    0x00002279      0x21a .\CortexM3\ARM_GCC_541\Debug\Robot_Control.a(CyFlash.o)
 .debug_line    0x00002493      0x260 .\CortexM3\ARM_GCC_541\Debug\Robot_Control.a(CySpc.o)

.debug_frame    0x00000000     0x1bd0
 *(.debug_frame)
 .debug_frame   0x00000000      0x294 .\CortexM3\ARM_GCC_541\Debug\main.o
 .debug_frame   0x00000294       0xe4 .\CortexM3\ARM_GCC_541\Debug\cyfitter_cfg.o
 .debug_frame   0x00000378       0xb8 .\CortexM3\ARM_GCC_541\Debug\Cm3Start.o
 .debug_frame   0x00000430      0x154 .\CortexM3\ARM_GCC_541\Debug\Robot_Control.a(RightEyebrow.o)
 .debug_frame   0x00000584      0x154 .\CortexM3\ARM_GCC_541\Debug\Robot_Control.a(EyelidGroup.o)
 .debug_frame   0x000006d8      0x154 .\CortexM3\ARM_GCC_541\Debug\Robot_Control.a(EyeBallVertical.o)
 .debug_frame   0x0000082c      0x154 .\CortexM3\ARM_GCC_541\Debug\Robot_Control.a(BaseJaw.o)
 .debug_frame   0x00000980      0x154 .\CortexM3\ARM_GCC_541\Debug\Robot_Control.a(LeftEyebrow.o)
 .debug_frame   0x00000ad4      0x154 .\CortexM3\ARM_GCC_541\Debug\Robot_Control.a(EyeBallHorizontal.o)
 .debug_frame   0x00000c28      0x154 .\CortexM3\ARM_GCC_541\Debug\Robot_Control.a(Neck.o)
 .debug_frame   0x00000d7c      0x154 .\CortexM3\ARM_GCC_541\Debug\Robot_Control.a(Lip.o)
 .debug_frame   0x00000ed0      0x738 .\CortexM3\ARM_GCC_541\Debug\Robot_Control.a(CyLib.o)
 .debug_frame   0x00001608      0x1f8 .\CortexM3\ARM_GCC_541\Debug\Robot_Control.a(cyPm.o)
 .debug_frame   0x00001800      0x194 .\CortexM3\ARM_GCC_541\Debug\Robot_Control.a(CyFlash.o)
 .debug_frame   0x00001994      0x180 .\CortexM3\ARM_GCC_541\Debug\Robot_Control.a(CySpc.o)
 .debug_frame   0x00001b14       0x20 c:/program files (x86)/cypress/psoc creator/4.2/psoc creator/import/gnu/arm/5.4.1/bin/../lib/gcc/arm-none-eabi/5.4.1/../../../../arm-none-eabi/lib/armv7-m\libg_nano.a(lib_a-errno.o)
 .debug_frame   0x00001b34       0x28 c:/program files (x86)/cypress/psoc creator/4.2/psoc creator/import/gnu/arm/5.4.1/bin/../lib/gcc/arm-none-eabi/5.4.1/../../../../arm-none-eabi/lib/armv7-m\libg_nano.a(lib_a-exit.o)
 .debug_frame   0x00001b5c       0x2c c:/program files (x86)/cypress/psoc creator/4.2/psoc creator/import/gnu/arm/5.4.1/bin/../lib/gcc/arm-none-eabi/5.4.1/../../../../arm-none-eabi/lib/armv7-m\libg_nano.a(lib_a-init.o)
 .debug_frame   0x00001b88       0x28 c:/program files (x86)/cypress/psoc creator/4.2/psoc creator/import/gnu/arm/5.4.1/bin/../lib/gcc/arm-none-eabi/5.4.1/../../../../arm-none-eabi/lib/armv7-m\libg_nano.a(lib_a-memcpy-stub.o)
 .debug_frame   0x00001bb0       0x20 c:/program files (x86)/cypress/psoc creator/4.2/psoc creator/import/gnu/arm/5.4.1/bin/../lib/gcc/arm-none-eabi/5.4.1/../../../../arm-none-eabi/lib/armv7-m\libg_nano.a(lib_a-memset.o)

.debug_str      0x00000000     0x2423
 *(.debug_str)
 .debug_str     0x00000000      0x577 .\CortexM3\ARM_GCC_541\Debug\main.o
                                0x5bf (size before relaxing)
 .debug_str     0x00000577      0x187 .\CortexM3\ARM_GCC_541\Debug\cyfitter_cfg.o
                                0x327 (size before relaxing)
 .debug_str     0x000006fe       0x7f .\CortexM3\ARM_GCC_541\Debug\cymetadata.o
                                0x1fc (size before relaxing)
 .debug_str     0x0000077d      0x144 .\CortexM3\ARM_GCC_541\Debug\Cm3Start.o
                                0x322 (size before relaxing)
 .debug_str     0x000008c1      0x22c .\CortexM3\ARM_GCC_541\Debug\Robot_Control.a(RightEyebrow.o)
                                0x432 (size before relaxing)
 .debug_str     0x00000aed      0x1b5 .\CortexM3\ARM_GCC_541\Debug\Robot_Control.a(EyelidGroup.o)
                                0x41d (size before relaxing)
 .debug_str     0x00000ca2      0x1f9 .\CortexM3\ARM_GCC_541\Debug\Robot_Control.a(EyeBallVertical.o)
                                0x471 (size before relaxing)
 .debug_str     0x00000e9b      0x171 .\CortexM3\ARM_GCC_541\Debug\Robot_Control.a(BaseJaw.o)
                                0x3c9 (size before relaxing)
 .debug_str     0x0000100c      0x1b5 .\CortexM3\ARM_GCC_541\Debug\Robot_Control.a(LeftEyebrow.o)
                                0x41d (size before relaxing)
 .debug_str     0x000011c1      0x21b .\CortexM3\ARM_GCC_541\Debug\Robot_Control.a(EyeBallHorizontal.o)
                                0x49b (size before relaxing)
 .debug_str     0x000013dc      0x13e .\CortexM3\ARM_GCC_541\Debug\Robot_Control.a(Neck.o)
                                0x38a (size before relaxing)
 .debug_str     0x0000151a      0x12d .\CortexM3\ARM_GCC_541\Debug\Robot_Control.a(Lip.o)
                                0x375 (size before relaxing)
 .debug_str     0x00001647      0x810 .\CortexM3\ARM_GCC_541\Debug\Robot_Control.a(CyLib.o)
                                0xa5f (size before relaxing)
 .debug_str     0x00001e57      0x365 .\CortexM3\ARM_GCC_541\Debug\Robot_Control.a(cyPm.o)
                                0x74b (size before relaxing)
 .debug_str     0x000021bc      0x1bb .\CortexM3\ARM_GCC_541\Debug\Robot_Control.a(CyFlash.o)
                                0x3d8 (size before relaxing)
 .debug_str     0x00002377       0xac .\CortexM3\ARM_GCC_541\Debug\Robot_Control.a(CySpc.o)
                                0x350 (size before relaxing)

.debug_loc      0x00000000     0x1af7
 *(.debug_loc)
 .debug_loc     0x00000000      0x1d7 .\CortexM3\ARM_GCC_541\Debug\cyfitter_cfg.o
 .debug_loc     0x000001d7      0x144 .\CortexM3\ARM_GCC_541\Debug\Cm3Start.o
 .debug_loc     0x0000031b       0x26 .\CortexM3\ARM_GCC_541\Debug\Robot_Control.a(RightEyebrow.o)
 .debug_loc     0x00000341       0x26 .\CortexM3\ARM_GCC_541\Debug\Robot_Control.a(EyelidGroup.o)
 .debug_loc     0x00000367       0x26 .\CortexM3\ARM_GCC_541\Debug\Robot_Control.a(EyeBallVertical.o)
 .debug_loc     0x0000038d       0x26 .\CortexM3\ARM_GCC_541\Debug\Robot_Control.a(BaseJaw.o)
 .debug_loc     0x000003b3       0x26 .\CortexM3\ARM_GCC_541\Debug\Robot_Control.a(LeftEyebrow.o)
 .debug_loc     0x000003d9       0x26 .\CortexM3\ARM_GCC_541\Debug\Robot_Control.a(EyeBallHorizontal.o)
 .debug_loc     0x000003ff       0x26 .\CortexM3\ARM_GCC_541\Debug\Robot_Control.a(Neck.o)
 .debug_loc     0x00000425       0x26 .\CortexM3\ARM_GCC_541\Debug\Robot_Control.a(Lip.o)
 .debug_loc     0x0000044b      0xa11 .\CortexM3\ARM_GCC_541\Debug\Robot_Control.a(CyLib.o)
 .debug_loc     0x00000e5c      0x1e4 .\CortexM3\ARM_GCC_541\Debug\Robot_Control.a(cyPm.o)
 .debug_loc     0x00001040      0x3b2 .\CortexM3\ARM_GCC_541\Debug\Robot_Control.a(CyFlash.o)
 .debug_loc     0x000013f2      0x705 .\CortexM3\ARM_GCC_541\Debug\Robot_Control.a(CySpc.o)

.debug_macinfo
 *(.debug_macinfo)

.debug_ranges   0x00000000      0xa00
 *(.debug_ranges)
 .debug_ranges  0x00000000       0xc0 .\CortexM3\ARM_GCC_541\Debug\main.o
 .debug_ranges  0x000000c0       0x48 .\CortexM3\ARM_GCC_541\Debug\cyfitter_cfg.o
 .debug_ranges  0x00000108       0x38 .\CortexM3\ARM_GCC_541\Debug\Cm3Start.o
 .debug_ranges  0x00000140       0x98 .\CortexM3\ARM_GCC_541\Debug\Robot_Control.a(RightEyebrow.o)
 .debug_ranges  0x000001d8       0x98 .\CortexM3\ARM_GCC_541\Debug\Robot_Control.a(EyelidGroup.o)
 .debug_ranges  0x00000270       0x98 .\CortexM3\ARM_GCC_541\Debug\Robot_Control.a(EyeBallVertical.o)
 .debug_ranges  0x00000308       0x98 .\CortexM3\ARM_GCC_541\Debug\Robot_Control.a(BaseJaw.o)
 .debug_ranges  0x000003a0       0x98 .\CortexM3\ARM_GCC_541\Debug\Robot_Control.a(LeftEyebrow.o)
 .debug_ranges  0x00000438       0x98 .\CortexM3\ARM_GCC_541\Debug\Robot_Control.a(EyeBallHorizontal.o)
 .debug_ranges  0x000004d0       0x98 .\CortexM3\ARM_GCC_541\Debug\Robot_Control.a(Neck.o)
 .debug_ranges  0x00000568       0x98 .\CortexM3\ARM_GCC_541\Debug\Robot_Control.a(Lip.o)
 .debug_ranges  0x00000600      0x290 .\CortexM3\ARM_GCC_541\Debug\Robot_Control.a(CyLib.o)
 .debug_ranges  0x00000890       0x88 .\CortexM3\ARM_GCC_541\Debug\Robot_Control.a(cyPm.o)
 .debug_ranges  0x00000918       0x78 .\CortexM3\ARM_GCC_541\Debug\Robot_Control.a(CyFlash.o)
 .debug_ranges  0x00000990       0x70 .\CortexM3\ARM_GCC_541\Debug\Robot_Control.a(CySpc.o)

.comment        0x00000000       0x6e
 .comment       0x00000000       0x6e .\CortexM3\ARM_GCC_541\Debug\main.o
                                 0x6f (size before relaxing)
 .comment       0x0000006e       0x6f .\CortexM3\ARM_GCC_541\Debug\cyfitter_cfg.o
 .comment       0x0000006e       0x6f .\CortexM3\ARM_GCC_541\Debug\cymetadata.o
 .comment       0x0000006e       0x6f .\CortexM3\ARM_GCC_541\Debug\Cm3Start.o
 .comment       0x0000006e       0x6f .\CortexM3\ARM_GCC_541\Debug\Robot_Control.a(RightEyebrow.o)
 .comment       0x0000006e       0x6f .\CortexM3\ARM_GCC_541\Debug\Robot_Control.a(EyelidGroup.o)
 .comment       0x0000006e       0x6f .\CortexM3\ARM_GCC_541\Debug\Robot_Control.a(EyeBallVertical.o)
 .comment       0x0000006e       0x6f .\CortexM3\ARM_GCC_541\Debug\Robot_Control.a(BaseJaw.o)
 .comment       0x0000006e       0x6f .\CortexM3\ARM_GCC_541\Debug\Robot_Control.a(LeftEyebrow.o)
 .comment       0x0000006e       0x6f .\CortexM3\ARM_GCC_541\Debug\Robot_Control.a(EyeBallHorizontal.o)
 .comment       0x0000006e       0x6f .\CortexM3\ARM_GCC_541\Debug\Robot_Control.a(Neck.o)
 .comment       0x0000006e       0x6f .\CortexM3\ARM_GCC_541\Debug\Robot_Control.a(Lip.o)
 .comment       0x0000006e       0x6f .\CortexM3\ARM_GCC_541\Debug\Robot_Control.a(CyLib.o)
 .comment       0x0000006e       0x6f .\CortexM3\ARM_GCC_541\Debug\Robot_Control.a(cyPm.o)
 .comment       0x0000006e       0x6f .\CortexM3\ARM_GCC_541\Debug\Robot_Control.a(CyFlash.o)
 .comment       0x0000006e       0x6f .\CortexM3\ARM_GCC_541\Debug\Robot_Control.a(CySpc.o)

.debug_weaknames
 *(.debug_weaknames)

.debug_funcnames
 *(.debug_funcnames)

.debug_typenames
 *(.debug_typenames)

.debug_varnames
 *(.debug_varnames)

.note.gnu.arm.ident
 *(.note.gnu.arm.ident)

.ARM.attributes
                0x00000000       0x29
 *(.ARM.attributes)
 .ARM.attributes
                0x00000000       0x1d c:/program files (x86)/cypress/psoc creator/4.2/psoc creator/import/gnu/arm/5.4.1/bin/../lib/gcc/arm-none-eabi/5.4.1/armv7-m/crti.o
 .ARM.attributes
                0x0000001d       0x2d c:/program files (x86)/cypress/psoc creator/4.2/psoc creator/import/gnu/arm/5.4.1/bin/../lib/gcc/arm-none-eabi/5.4.1/armv7-m/crtbegin.o
 .ARM.attributes
                0x0000004a       0x1b c:/program files (x86)/cypress/psoc creator/4.2/psoc creator/import/gnu/arm/5.4.1/bin/../lib/gcc/arm-none-eabi/5.4.1/../../../../arm-none-eabi/lib/armv7-m/crt0.o
 .ARM.attributes
                0x00000065       0x33 .\CortexM3\ARM_GCC_541\Debug\main.o
 .ARM.attributes
                0x00000098       0x33 .\CortexM3\ARM_GCC_541\Debug\cyfitter_cfg.o
 .ARM.attributes
                0x000000cb       0x33 .\CortexM3\ARM_GCC_541\Debug\cymetadata.o
 .ARM.attributes
                0x000000fe       0x33 .\CortexM3\ARM_GCC_541\Debug\Cm3Start.o
 .ARM.attributes
                0x00000131       0x33 .\CortexM3\ARM_GCC_541\Debug\Robot_Control.a(RightEyebrow.o)
 .ARM.attributes
                0x00000164       0x33 .\CortexM3\ARM_GCC_541\Debug\Robot_Control.a(EyelidGroup.o)
 .ARM.attributes
                0x00000197       0x33 .\CortexM3\ARM_GCC_541\Debug\Robot_Control.a(EyeBallVertical.o)
 .ARM.attributes
                0x000001ca       0x33 .\CortexM3\ARM_GCC_541\Debug\Robot_Control.a(BaseJaw.o)
 .ARM.attributes
                0x000001fd       0x33 .\CortexM3\ARM_GCC_541\Debug\Robot_Control.a(LeftEyebrow.o)
 .ARM.attributes
                0x00000230       0x33 .\CortexM3\ARM_GCC_541\Debug\Robot_Control.a(EyeBallHorizontal.o)
 .ARM.attributes
                0x00000263       0x33 .\CortexM3\ARM_GCC_541\Debug\Robot_Control.a(Neck.o)
 .ARM.attributes
                0x00000296       0x33 .\CortexM3\ARM_GCC_541\Debug\Robot_Control.a(Lip.o)
 .ARM.attributes
                0x000002c9       0x33 .\CortexM3\ARM_GCC_541\Debug\Robot_Control.a(CyLib.o)
 .ARM.attributes
                0x000002fc       0x33 .\CortexM3\ARM_GCC_541\Debug\Robot_Control.a(cyPm.o)
 .ARM.attributes
                0x0000032f       0x21 .\CortexM3\ARM_GCC_541\Debug\Robot_Control.a(CyBootAsmGnu.o)
 .ARM.attributes
                0x00000350       0x33 .\CortexM3\ARM_GCC_541\Debug\Robot_Control.a(CyFlash.o)
 .ARM.attributes
                0x00000383       0x33 .\CortexM3\ARM_GCC_541\Debug\Robot_Control.a(CySpc.o)
 .ARM.attributes
                0x000003b6       0x2d c:/program files (x86)/cypress/psoc creator/4.2/psoc creator/import/gnu/arm/5.4.1/bin/../lib/gcc/arm-none-eabi/5.4.1/../../../../arm-none-eabi/lib/armv7-m\libg_nano.a(lib_a-errno.o)
 .ARM.attributes
                0x000003e3       0x2d c:/program files (x86)/cypress/psoc creator/4.2/psoc creator/import/gnu/arm/5.4.1/bin/../lib/gcc/arm-none-eabi/5.4.1/../../../../arm-none-eabi/lib/armv7-m\libg_nano.a(lib_a-exit.o)
 .ARM.attributes
                0x00000410       0x2d c:/program files (x86)/cypress/psoc creator/4.2/psoc creator/import/gnu/arm/5.4.1/bin/../lib/gcc/arm-none-eabi/5.4.1/../../../../arm-none-eabi/lib/armv7-m\libg_nano.a(lib_a-impure.o)
 .ARM.attributes
                0x0000043d       0x2d c:/program files (x86)/cypress/psoc creator/4.2/psoc creator/import/gnu/arm/5.4.1/bin/../lib/gcc/arm-none-eabi/5.4.1/../../../../arm-none-eabi/lib/armv7-m\libg_nano.a(lib_a-init.o)
 .ARM.attributes
                0x0000046a       0x2d c:/program files (x86)/cypress/psoc creator/4.2/psoc creator/import/gnu/arm/5.4.1/bin/../lib/gcc/arm-none-eabi/5.4.1/../../../../arm-none-eabi/lib/armv7-m\libg_nano.a(lib_a-memcpy-stub.o)
 .ARM.attributes
                0x00000497       0x2d c:/program files (x86)/cypress/psoc creator/4.2/psoc creator/import/gnu/arm/5.4.1/bin/../lib/gcc/arm-none-eabi/5.4.1/../../../../arm-none-eabi/lib/armv7-m\libg_nano.a(lib_a-memset.o)
 .ARM.attributes
                0x000004c4       0x2d c:/program files (x86)/cypress/psoc creator/4.2/psoc creator/import/gnu/arm/5.4.1/bin/../lib/gcc/arm-none-eabi/5.4.1/armv7-m/crtend.o
 .ARM.attributes
                0x000004f1       0x1d c:/program files (x86)/cypress/psoc creator/4.2/psoc creator/import/gnu/arm/5.4.1/bin/../lib/gcc/arm-none-eabi/5.4.1/armv7-m/crtn.o

/DISCARD/
 *(.note.GNU-stack)
OUTPUT(C:\Users\Sandeep Nadella\OneDrive\Documents\PSoC Creator\SD_Workspace\Robot_Control.cydsn\CortexM3\ARM_GCC_541\Debug\Robot_Control.elf elf32-littlearm)
